Component: ARM Compiler 5.06 update 5 (build 528) Tool: armlink [4d35e2]

==============================================================================

Section Cross References

    startup_mkv58f24.o(RESET) refers to startup_mkv58f24.o(.text) for Reset_Handler
    startup_mkv58f24.o(RESET) refers to main.o(i.UART0_RX_TX_IRQHandler) for UART0_RX_TX_IRQHandler
    startup_mkv58f24.o(RESET) refers to systemcar.o(i.PIT0_IRQHandler) for PIT0_IRQHandler
    startup_mkv58f24.o(RESET) refers to fsl_enet.o(i.ENET_Transmit_IRQHandler) for ENET_Transmit_IRQHandler
    startup_mkv58f24.o(RESET) refers to fsl_enet.o(i.ENET_Receive_IRQHandler) for ENET_Receive_IRQHandler
    startup_mkv58f24.o(RESET) refers to fsl_enet.o(i.ENET_Error_IRQHandler) for ENET_Error_IRQHandler
    startup_mkv58f24.o(.text) refers to startup_mkv58f24.o(FlashConfig) for FlashConfig
    startup_mkv58f24.o(.text) refers to startup_mkv58f24.o(RESET) for __Vectors
    startup_mkv58f24.o(.text) refers to system_mkv58f24.o(i.SystemInit) for SystemInit
    startup_mkv58f24.o(.text) refers to entry.o(.ARM.Collect$$$$00000000) for __main
    startup_mkv58f24.o(.text) refers to fsl_edma.o(i.DMA0_DMA16_DriverIRQHandler) for DMA0_DMA16_DriverIRQHandler
    startup_mkv58f24.o(.text) refers to fsl_edma.o(i.DMA1_DMA17_DriverIRQHandler) for DMA1_DMA17_DriverIRQHandler
    startup_mkv58f24.o(.text) refers to fsl_edma.o(i.DMA2_DMA18_DriverIRQHandler) for DMA2_DMA18_DriverIRQHandler
    startup_mkv58f24.o(.text) refers to fsl_edma.o(i.DMA3_DMA19_DriverIRQHandler) for DMA3_DMA19_DriverIRQHandler
    startup_mkv58f24.o(.text) refers to fsl_edma.o(i.DMA4_DMA20_DriverIRQHandler) for DMA4_DMA20_DriverIRQHandler
    startup_mkv58f24.o(.text) refers to fsl_edma.o(i.DMA5_DMA21_DriverIRQHandler) for DMA5_DMA21_DriverIRQHandler
    startup_mkv58f24.o(.text) refers to fsl_edma.o(i.DMA6_DMA22_DriverIRQHandler) for DMA6_DMA22_DriverIRQHandler
    startup_mkv58f24.o(.text) refers to fsl_edma.o(i.DMA7_DMA23_DriverIRQHandler) for DMA7_DMA23_DriverIRQHandler
    startup_mkv58f24.o(.text) refers to fsl_edma.o(i.DMA8_DMA24_DriverIRQHandler) for DMA8_DMA24_DriverIRQHandler
    startup_mkv58f24.o(.text) refers to fsl_edma.o(i.DMA9_DMA25_DriverIRQHandler) for DMA9_DMA25_DriverIRQHandler
    startup_mkv58f24.o(.text) refers to fsl_edma.o(i.DMA10_DMA26_DriverIRQHandler) for DMA10_DMA26_DriverIRQHandler
    startup_mkv58f24.o(.text) refers to fsl_edma.o(i.DMA11_DMA27_DriverIRQHandler) for DMA11_DMA27_DriverIRQHandler
    startup_mkv58f24.o(.text) refers to fsl_edma.o(i.DMA12_DMA28_DriverIRQHandler) for DMA12_DMA28_DriverIRQHandler
    startup_mkv58f24.o(.text) refers to fsl_edma.o(i.DMA13_DMA29_DriverIRQHandler) for DMA13_DMA29_DriverIRQHandler
    startup_mkv58f24.o(.text) refers to fsl_edma.o(i.DMA14_DMA30_DriverIRQHandler) for DMA14_DMA30_DriverIRQHandler
    startup_mkv58f24.o(.text) refers to fsl_edma.o(i.DMA15_DMA31_DriverIRQHandler) for DMA15_DMA31_DriverIRQHandler
    startup_mkv58f24.o(.text) refers to fsl_i2c.o(i.I2C0_DriverIRQHandler) for I2C0_DriverIRQHandler
    startup_mkv58f24.o(.text) refers to fsl_i2c.o(i.I2C1_DriverIRQHandler) for I2C1_DriverIRQHandler
    startup_mkv58f24.o(.text) refers to fsl_dspi.o(i.SPI0_DriverIRQHandler) for SPI0_DriverIRQHandler
    startup_mkv58f24.o(.text) refers to fsl_dspi.o(i.SPI1_DriverIRQHandler) for SPI1_DriverIRQHandler
    startup_mkv58f24.o(.text) refers to fsl_uart.o(i.UART5_RX_TX_DriverIRQHandler) for UART5_RX_TX_DriverIRQHandler
    startup_mkv58f24.o(.text) refers to fsl_uart.o(i.UART0_RX_TX_DriverIRQHandler) for UART0_RX_TX_DriverIRQHandler
    startup_mkv58f24.o(.text) refers to fsl_uart.o(i.UART1_RX_TX_DriverIRQHandler) for UART1_RX_TX_DriverIRQHandler
    startup_mkv58f24.o(.text) refers to fsl_uart.o(i.UART2_RX_TX_DriverIRQHandler) for UART2_RX_TX_DriverIRQHandler
    startup_mkv58f24.o(.text) refers to fsl_uart.o(i.UART3_RX_TX_DriverIRQHandler) for UART3_RX_TX_DriverIRQHandler
    startup_mkv58f24.o(.text) refers to fsl_uart.o(i.UART4_RX_TX_DriverIRQHandler) for UART4_RX_TX_DriverIRQHandler
    startup_mkv58f24.o(.text) refers to fsl_dspi.o(i.SPI2_DriverIRQHandler) for SPI2_DriverIRQHandler
    startup_mkv58f24.o(.text) refers to fsl_flexcan.o(i.CAN0_DriverIRQHandler) for CAN0_DriverIRQHandler
    startup_mkv58f24.o(.text) refers to fsl_flexcan.o(i.CAN1_DriverIRQHandler) for CAN1_DriverIRQHandler
    startup_mkv58f24.o(.text) refers to fsl_flexcan.o(i.CAN2_DriverIRQHandler) for CAN2_DriverIRQHandler
    system_mkv58f24.o(i.SystemCoreClockUpdate) refers to system_mkv58f24.o(.data) for .data
    main.o(i.CtrlTask) refers to data_analyse.o(i.set_Angle) for set_Angle
    main.o(i.CtrlTask) refers to data_analyse.o(i.set_Speed) for set_Speed
    main.o(i.UART0_RX_TX_IRQHandler) refers to ui.o(i.Shownum_OLED_P6x8Str) for Shownum_OLED_P6x8Str
    main.o(i.UART0_RX_TX_IRQHandler) refers to fsl_uart.o(i.UART_Query_Str) for UART_Query_Str
    main.o(i.UART0_RX_TX_IRQHandler) refers to uwb.o(i.UWB_RNG) for UWB_RNG
[...]
    UART0_ERR_DriverIRQHandler               0x10000529   Thumb Code     0  startup_mkv58f24.o(.text)
    UART1_ERR_DriverIRQHandler               0x10000529   Thumb Code     0  startup_mkv58f24.o(.text)
    UART2_ERR_DriverIRQHandler               0x10000529   Thumb Code     0  startup_mkv58f24.o(.text)
    UART3_ERR_DriverIRQHandler               0x10000529   Thumb Code     0  startup_mkv58f24.o(.text)
    UART4_ERR_DriverIRQHandler               0x10000529   Thumb Code     0  startup_mkv58f24.o(.text)
    UART5_ERR_DriverIRQHandler               0x10000529   Thumb Code     0  startup_mkv58f24.o(.text)
    WDOG_EWM_IRQHandler                      0x10000529   Thumb Code     0  startup_mkv58f24.o(.text)
    XBARA_IRQHandler                         0x10000529   Thumb Code     0  startup_mkv58f24.o(.text)
    arm_rfft_init_q15                        0x1000061d   Thumb Code   172  arm_rfft_init_q15.o(.text)
    __aeabi_uldivmod                         0x100006f1   Thumb Code    98  uldiv.o(.text)
    __aeabi_memset                           0x10000753   Thumb Code    14  memseta.o(.text)
    __aeabi_memset4                          0x10000753   Thumb Code     0  memseta.o(.text)
    __aeabi_memset8                          0x10000753   Thumb Code     0  memseta.o(.text)
    __aeabi_memclr                           0x10000761   Thumb Code     4  memseta.o(.text)
    __aeabi_memclr4                          0x10000761   Thumb Code     0  memseta.o(.text)
    __aeabi_memclr8                          0x10000761   Thumb Code     0  memseta.o(.text)
    _memset$wrapper                          0x10000765   Thumb Code    18  memseta.o(.text)
    __aeabi_dadd                             0x10000777   Thumb Code   322  dadd.o(.text)
    __aeabi_dsub                             0x100008b9   Thumb Code     6  dadd.o(.text)
    __aeabi_drsub                            0x100008bf   Thumb Code     6  dadd.o(.text)
    __aeabi_dmul                             0x100008c5   Thumb Code   228  dmul.o(.text)
    __aeabi_ddiv                             0x100009a9   Thumb Code   222  ddiv.o(.text)
    __aeabi_i2d                              0x10000a87   Thumb Code    34  dflti.o(.text)
    __aeabi_ui2d                             0x10000aa9   Thumb Code    26  dfltui.o(.text)
    __aeabi_d2iz                             0x10000ac3   Thumb Code    62  dfixi.o(.text)
    __aeabi_f2d                              0x10000b01   Thumb Code    38  f2d.o(.text)
    __aeabi_d2f                              0x10000b27   Thumb Code    56  d2f.o(.text)
    __aeabi_uidiv                            0x10000b5f   Thumb Code     0  uidiv.o(.text)
    __aeabi_uidivmod                         0x10000b5f   Thumb Code    44  uidiv.o(.text)
    __aeabi_llsl                             0x10000b8b   Thumb Code    30  llshl.o(.text)
    _ll_shift_l                              0x10000b8b   Thumb Code     0  llshl.o(.text)
    __aeabi_llsr                             0x10000ba9   Thumb Code    32  llushr.o(.text)
    _ll_ushift_r                             0x10000ba9   Thumb Code     0  llushr.o(.text)
    __aeabi_lasr                             0x10000bc9   Thumb Code    36  llsshr.o(.text)
    _ll_sshift_r                             0x10000bc9   Thumb Code     0  llsshr.o(.text)
    __I$use$fp                               0x10000bed   Thumb Code     0  iusefp.o(.text)
    _float_round                             0x10000bed   Thumb Code    18  fepilogue.o(.text)
    _float_epilogue                          0x10000bff   Thumb Code    92  fepilogue.o(.text)
    _double_round                            0x10000c5b   Thumb Code    30  depilogue.o(.text)
    _double_epilogue                         0x10000c79   Thumb Code   156  depilogue.o(.text)
    __scatterload                            0x10000d15   Thumb Code    28  init.o(.text)
    __scatterload_rt2                        0x10000d15   Thumb Code     0  init.o(.text)
    __decompress                             0x10000d39   Thumb Code     0  __dczerorl2.o(.text)
    __decompress1                            0x10000d39   Thumb Code    86  __dczerorl2.o(.text)
    ADC0_Init                                0x10000d91   Thumb Code    24  fsl_adc16.o(i.ADC0_Init)
    ADC0_Once                                0x10000dad   Thumb Code    28  fsl_adc16.o(i.ADC0_Once)
    ADC0_Start                               0x10000dcd   Thumb Code    58  fsl_adc16.o(i.ADC0_Start)
    ADC_get                                  0x10000e0d   Thumb Code    34  systemcar.o(i.ADC_get)
    BOARD_BootClockRUN_240M                  0x10000e35   Thumb Code    60  clock_config.o(i.BOARD_BootClockRUN_240M)
    BOARD_InitOsc0                           0x10000e85   Thumb Code    26  clock_config.o(i.BOARD_InitOsc0)
    Beer_init                                0x10000ead   Thumb Code    10  systemcar.o(i.Beer_init)
    CAN0_DriverIRQHandler                    0x10000ebd   Thumb Code    34  fsl_flexcan.o(i.CAN0_DriverIRQHandler)
    CAN1_DriverIRQHandler                    0x10000f25   Thumb Code    34  fsl_flexcan.o(i.CAN1_DriverIRQHandler)
    CAN2_DriverIRQHandler                    0x10000f8d   Thumb Code    34  fsl_flexcan.o(i.CAN2_DriverIRQHandler)
    CLOCK_BootToPeeMode                      0x10000ff5   Thumb Code    56  fsl_clock.o(i.CLOCK_BootToPeeMode)
    CLOCK_EnablePll0                         0x10001071   Thumb Code    58  fsl_clock.o(i.CLOCK_EnablePll0)
    CLOCK_GetEr32kClkFreq                    0x100010d9   Thumb Code    46  fsl_clock.o(i.CLOCK_GetEr32kClkFreq)
    CLOCK_GetFixedFreqClkFreq                0x1000110d   Thumb Code    28  fsl_clock.o(i.CLOCK_GetFixedFreqClkFreq)
    CLOCK_GetFllFreq                         0x10001175   Thumb Code    52  fsl_clock.o(i.CLOCK_GetFllFreq)
    CLOCK_GetFreq                            0x100011cd   Thumb Code   178  fsl_clock.o(i.CLOCK_GetFreq)
    CLOCK_GetInternalRefClkFreq              0x10001285   Thumb Code    16  fsl_clock.o(i.CLOCK_GetInternalRefClkFreq)
    CLOCK_GetOsc0ErClkDivFreq                0x10001305   Thumb Code    40  fsl_clock.o(i.CLOCK_GetOsc0ErClkDivFreq)
    CLOCK_GetOsc0ErClkUndivFreq              0x10001361   Thumb Code    34  fsl_clock.o(i.CLOCK_GetOsc0ErClkUndivFreq)
    CLOCK_GetOutClkFreq                      0x100013d9   Thumb Code    44  fsl_clock.o(i.CLOCK_GetOutClkFreq)
    CLOCK_GetPll0Freq                        0x10001409   Thumb Code    56  fsl_clock.o(i.CLOCK_GetPll0Freq)
    CLOCK_GetPllFllSelClkFreq                0x10001475   Thumb Code    28  fsl_clock.o(i.CLOCK_GetPllFllSelClkFreq)
    CLOCK_InitOsc0                           0x10001495   Thumb Code    88  fsl_clock.o(i.CLOCK_InitOsc0)
    CLOCK_SetExternalRefClkConfig            0x100014f5   Thumb Code    18  fsl_clock.o(i.CLOCK_SetExternalRefClkConfig)
    CLOCK_SetInternalRefClkConfig            0x1000150d   Thumb Code   112  fsl_clock.o(i.CLOCK_SetInternalRefClkConfig)
    CLOCK_SetPbeMode                         0x10001581   Thumb Code    72  fsl_clock.o(i.CLOCK_SetPbeMode)
    CLOCK_SetSimConfig                       0x100015cd   Thumb Code    30  fsl_clock.o(i.CLOCK_SetSimConfig)
    ConuterClean                             0x100015f5   Thumb Code    18  systemcar.o(i.ConuterClean)
    CounterGet_L                             0x10001611   Thumb Code     6  systemcar.o(i.CounterGet_L)
    CounterGet_R                             0x1000161d   Thumb Code     6  systemcar.o(i.CounterGet_R)
    CounterInit                              0x10001629   Thumb Code    58  systemcar.o(i.CounterInit)
    CtrlPeriodTimerInit                      0x1000167d   Thumb Code    70  systemcar.o(i.CtrlPeriodTimerInit)
    CtrlTask                                 0x100016cd   Thumb Code    14  main.o(i.CtrlTask)
    DMA0_DMA16_DriverIRQHandler              0x100016dd   Thumb Code    48  fsl_edma.o(i.DMA0_DMA16_DriverIRQHandler)
    DMA10_DMA26_DriverIRQHandler             0x10001715   Thumb Code    48  fsl_edma.o(i.DMA10_DMA26_DriverIRQHandler)
    DMA11_DMA27_DriverIRQHandler             0x1000174d   Thumb Code    48  fsl_edma.o(i.DMA11_DMA27_DriverIRQHandler)
    DMA12_DMA28_DriverIRQHandler             0x10001785   Thumb Code    48  fsl_edma.o(i.DMA12_DMA28_DriverIRQHandler)
    DMA13_DMA29_DriverIRQHandler             0x100017bd   Thumb Code    48  fsl_edma.o(i.DMA13_DMA29_DriverIRQHandler)
    DMA14_DMA30_DriverIRQHandler             0x100017f5   Thumb Code    48  fsl_edma.o(i.DMA14_DMA30_DriverIRQHandler)
    DMA15_DMA31_DriverIRQHandler             0x1000182d   Thumb Code    48  fsl_edma.o(i.DMA15_DMA31_DriverIRQHandler)
    DMA1_DMA17_DriverIRQHandler              0x10001865   Thumb Code    48  fsl_edma.o(i.DMA1_DMA17_DriverIRQHandler)
    DMA2_DMA18_DriverIRQHandler              0x1000189d   Thumb Code    48  fsl_edma.o(i.DMA2_DMA18_DriverIRQHandler)
    DMA3_DMA19_DriverIRQHandler              0x100018d5   Thumb Code    48  fsl_edma.o(i.DMA3_DMA19_DriverIRQHandler)
    DMA4_DMA20_DriverIRQHandler              0x1000190d   Thumb Code    48  fsl_edma.o(i.DMA4_DMA20_DriverIRQHandler)
    DMA5_DMA21_DriverIRQHandler              0x10001945   Thumb Code    48  fsl_edma.o(i.DMA5_DMA21_DriverIRQHandler)
    DMA6_DMA22_DriverIRQHandler              0x1000197d   Thumb Code    48  fsl_edma.o(i.DMA6_DMA22_DriverIRQHandler)
    DMA7_DMA23_DriverIRQHandler              0x100019b5   Thumb Code    48  fsl_edma.o(i.DMA7_DMA23_DriverIRQHandler)
    DMA8_DMA24_DriverIRQHandler              0x100019ed   Thumb Code    48  fsl_edma.o(i.DMA8_DMA24_DriverIRQHandler)
    DMA9_DMA25_DriverIRQHandler              0x10001a25   Thumb Code    48  fsl_edma.o(i.DMA9_DMA25_DriverIRQHandler)
    Draw_BMP                                 0x10001a75   Thumb Code    68  oled.o(i.Draw_BMP)
    EDMA_GetChannelStatusFlags               0x10001ab9   Thumb Code    58  fsl_edma.o(i.EDMA_GetChannelStatusFlags)
    EDMA_HandleIRQ                           0x10001b41   Thumb Code   172  fsl_edma.o(i.EDMA_HandleIRQ)
    ENET_Error_IRQHandler                    0x10001c1d   Thumb Code    12  fsl_enet.o(i.ENET_Error_IRQHandler)
    ENET_Receive_IRQHandler                  0x10001c31   Thumb Code    12  fsl_enet.o(i.ENET_Receive_IRQHandler)
    ENET_Transmit_IRQHandler                 0x10001c45   Thumb Code    12  fsl_enet.o(i.ENET_Transmit_IRQHandler)
    FFT_arm_init                             0x10001c59   Thumb Code    12  fft_arm.o(i.FFT_arm_init)
    FTM_GetDefaultConfig                     0x10001c6d   Thumb Code    50  fsl_ftm.o(i.FTM_GetDefaultConfig)
    FTM_Init                                 0x10001d35   Thumb Code   172  fsl_ftm.o(i.FTM_Init)
    FTM_SetupPwm                             0x10001fd5   Thumb Code   460  fsl_ftm.o(i.FTM_SetupPwm)
    FTM_UpdatePwmDutycycle                   0x10002201   Thumb Code   140  fsl_ftm.o(i.FTM_UpdatePwmDutycycle)
    Fuzzy_control                            0x1000229d   Thumb Code  1464  fuzzy_control.o(i.Fuzzy_control)
    GPIO_PinInit                             0x1000285d   Thumb Code    50  fsl_gpio.o(i.GPIO_PinInit)
    I2C0_DriverIRQHandler                    0x100028c9   Thumb Code    10  fsl_i2c.o(i.I2C0_DriverIRQHandler)
    I2C1_DriverIRQHandler                    0x100028dd   Thumb Code    10  fsl_i2c.o(i.I2C1_DriverIRQHandler)
    Key_scan                                 0x10002915   Thumb Code   454  ui.o(i.Key_scan)
    MotorPWMChange1                          0x10002afd   Thumb Code   106  systemcar.o(i.MotorPWMChange1)
    MotorPWMChange2                          0x10002b6d   Thumb Code   106  systemcar.o(i.MotorPWMChange2)
    MotorPWMInit                             0x10002bdd   Thumb Code   172  systemcar.o(i.MotorPWMInit)
    OLED_CLS                                 0x10002d1b   Thumb Code    52  oled.o(i.OLED_CLS)
    OLED_DLY_ms                              0x10002d4f   Thumb Code    24  oled.o(i.OLED_DLY_ms)
    OLED_Fill                                0x10002d67   Thumb Code    54  oled.o(i.OLED_Fill)
    OLED_Init                                0x10002d9d   Thumb Code   258  oled.o(i.OLED_Init)
    OLED_P6x8Str                             0x10002eb1   Thumb Code    86  oled.o(i.OLED_P6x8Str)
    OLED_Set_Pos                             0x10002f0d   Thumb Code    38  oled.o(i.OLED_Set_Pos)
    OLED_WrCmd                               0x10002f35   Thumb Code    66  oled.o(i.OLED_WrCmd)
    OLED_WrDat                               0x10002f85   Thumb Code    66  oled.o(i.OLED_WrDat)
    PIDInit                                  0x10002fd5   Thumb Code    22  pid.o(i.PIDInit)
    PIT0_IRQHandler                          0x10002fed   Thumb Code    32  systemcar.o(i.PIT0_IRQHandler)
    PIT_Init                                 0x10003089   Thumb Code    80  fsl_pit.o(i.PIT_Init)
    Par_init                                 0x1000314d   Thumb Code   194  parameter.o(i.Par_init)
    SPI0_DriverIRQHandler                    0x10003219   Thumb Code    32  fsl_dspi.o(i.SPI0_DriverIRQHandler)
    SPI1_DriverIRQHandler                    0x10003271   Thumb Code    32  fsl_dspi.o(i.SPI1_DriverIRQHandler)
    SPI2_DriverIRQHandler                    0x100032c9   Thumb Code    32  fsl_dspi.o(i.SPI2_DriverIRQHandler)
    ServoPWMDuty1                            0x10003321   Thumb Code    28  systemcar.o(i.ServoPWMDuty1)
    ServoPWMInit                             0x10003341   Thumb Code   100  systemcar.o(i.ServoPWMInit)
    Showname_OLED_P6x8Str                    0x100033b1   Thumb Code   118  ui.o(i.Showname_OLED_P6x8Str)
    Shownum_OLED_P6x8Str                     0x1000343d   Thumb Code    40  ui.o(i.Shownum_OLED_P6x8Str)
    Speed_LControl                           0x10003471   Thumb Code   266  data_analyse.o(i.Speed_LControl)
    Speed_RControl                           0x100035b1   Thumb Code   266  data_analyse.o(i.Speed_RControl)
    SystemInit                               0x100036f1   Thumb Code   142  system_mkv58f24.o(i.SystemInit)
    UART0_DriverIRQHandler                   0x1000378d   Thumb Code    12  fsl_uart.o(i.UART0_DriverIRQHandler)
    UART0_RX_TX_DriverIRQHandler             0x100037a5   Thumb Code     4  fsl_uart.o(i.UART0_RX_TX_DriverIRQHandler)
    UART0_RX_TX_IRQHandler                   0x100037a9   Thumb Code    42  main.o(i.UART0_RX_TX_IRQHandler)
    UART1_DriverIRQHandler                   0x100037e1   Thumb Code    12  fsl_uart.o(i.UART1_DriverIRQHandler)
    UART1_RX_TX_DriverIRQHandler             0x100037f9   Thumb Code     4  fsl_uart.o(i.UART1_RX_TX_DriverIRQHandler)
    UART2_DriverIRQHandler                   0x100037fd   Thumb Code    12  fsl_uart.o(i.UART2_DriverIRQHandler)
    UART2_RX_TX_DriverIRQHandler             0x10003815   Thumb Code     4  fsl_uart.o(i.UART2_RX_TX_DriverIRQHandler)
    UART3_DriverIRQHandler                   0x10003819   Thumb Code    12  fsl_uart.o(i.UART3_DriverIRQHandler)
    UART3_RX_TX_DriverIRQHandler             0x10003831   Thumb Code     4  fsl_uart.o(i.UART3_RX_TX_DriverIRQHandler)
    UART4_DriverIRQHandler                   0x10003835   Thumb Code    12  fsl_uart.o(i.UART4_DriverIRQHandler)
    UART4_RX_TX_DriverIRQHandler             0x1000384d   Thumb Code     4  fsl_uart.o(i.UART4_RX_TX_DriverIRQHandler)
    UART5_DriverIRQHandler                   0x10003851   Thumb Code    12  fsl_uart.o(i.UART5_DriverIRQHandler)
    UART5_RX_TX_DriverIRQHandler             0x10003869   Thumb Code     4  fsl_uart.o(i.UART5_RX_TX_DriverIRQHandler)
    UART_ClearStatusFlags                    0x1000386d   Thumb Code    64  fsl_uart.o(i.UART_ClearStatusFlags)
    UART_GetStatusFlags                      0x100038ad   Thumb Code    22  fsl_uart.o(i.UART_GetStatusFlags)
    UART_Irq_Dis                             0x100038c5   Thumb Code   112  fsl_uart.o(i.UART_Irq_Dis)
    UART_Irq_En                              0x1000394d   Thumb Code   112  fsl_uart.o(i.UART_Irq_En)
    UART_Query_Char                          0x100039d5   Thumb Code    26  fsl_uart.o(i.UART_Query_Char)
    UART_Query_Str                           0x100039f5   Thumb Code    46  fsl_uart.o(i.UART_Query_Str)
    UI_display                               0x10003a25   Thumb Code   104  ui.o(i.UI_display)
    UI_init                                  0x10003a91   Thumb Code   206  ui.o(i.UI_init)
    UWB_RNG                                  0x10003b85   Thumb Code   120  uwb.o(i.UWB_RNG)
    __0sprintf$1                             0x10003c11   Thumb Code    34  printf1.o(i.__0sprintf$1)
    __1sprintf$1                             0x10003c11   Thumb Code     0  printf1.o(i.__0sprintf$1)
    __2sprintf                               0x10003c11   Thumb Code     0  printf1.o(i.__0sprintf$1)
    __aeabi_assert                           0x10003c39   Thumb Code     4  fsl_common.o(i.__aeabi_assert)
    __scatterload_copy                       0x10003c3d   Thumb Code    14  handlers.o(i.__scatterload_copy)
    __scatterload_null                       0x10003c4b   Thumb Code     2  handlers.o(i.__scatterload_null)
    __scatterload_zeroinit                   0x10003c4d   Thumb Code    14  handlers.o(i.__scatterload_zeroinit)
    caculate_speed2                          0x10003dbd   Thumb Code   854  data_analyse.o(i.caculate_speed2)
    cursor_set                               0x100041ad   Thumb Code    44  ui.o(i.cursor_set)
    filter                                   0x100041e1   Thumb Code   134  data_analyse.o(i.filter)
    ftm_quad_clean                           0x10004271   Thumb Code     6  fsl_ftm.o(i.ftm_quad_clean)
    ftm_quad_get                             0x10004277   Thumb Code     6  fsl_ftm.o(i.ftm_quad_get)
    ftm_quad_init                            0x1000427d   Thumb Code    80  fsl_ftm.o(i.ftm_quad_init)
    gpio_get                                 0x100042d9   Thumb Code    24  fsl_gpio.o(i.gpio_get)
    gpio_init                                0x100042f1   Thumb Code    56  fsl_gpio.o(i.gpio_init)
    gpio_set                                 0x10004329   Thumb Code     8  fsl_gpio.o(i.gpio_set)
    kalman_fliter_init                       0x10004331   Thumb Code    30  kalman.o(i.kalman_fliter_init)
    lptmr_delay_ms                           0x10004359   Thumb Code    46  fsl_lptmr.o(i.lptmr_delay_ms)
    main                                     0x10004391   Thumb Code   160  main.o(i.main)
    port_init                                0x10004445   Thumb Code   106  fsl_gpio.o(i.port_init)
    port_init_NoALT                          0x100044c9   Thumb Code    50  fsl_gpio.o(i.port_init_NoALT)
    ramp_process                             0x100044fd   Thumb Code    90  data_analyse.o(i.ramp_process)
    set_Angle                                0x10004579   Thumb Code    18  data_analyse.o(i.set_Angle)
    set_Speed                                0x10004591   Thumb Code   158  data_analyse.o(i.set_Speed)
    signal2                                  0x10004661   Thumb Code  1888  data_analyse.o(i.signal2)
    std_io_init                              0x10004e19   Thumb Code    26  systemcar.o(i.std_io_init)
    timerset                                 0x10004e3d   Thumb Code    52  data_analyse.o(i.timerset)
    uartPut_init                             0x10004e81   Thumb Code    36  systemcar.o(i.uartPut_init)
    uart_init                                0x10004eb1   Thumb Code   200  fsl_uart.o(i.uart_init)
    uart_putbuff                             0x10004fbd   Thumb Code    28  fsl_uart.o(i.uart_putbuff)
    uart_putchar                             0x10004fd9   Thumb Code    10  fsl_uart.o(i.uart_putchar)
    value_set                                0x10004fe5   Thumb Code    12  ui.o(i.value_set)
    vcan_sendware                            0x10004ff5   Thumb Code   258  systemcar.o(i.vcan_sendware)
    wireless_task                            0x10005105   Thumb Code    32  data_analyse.o(i.wireless_task)
    F6x8                                     0x10005224   Data         552  oled.o(.constdata)
    F14x16_Idx                               0x1000544c   Data          25  oled.o(.constdata)
    F14x16                                   0x10005465   Data         336  oled.o(.constdata)
    F8X16                                    0x100055b5   Data        1520  oled.o(.constdata)
    LIBLOGO60x58                             0x10005ba5   Data         480  oled.o(.constdata)
    arm_cfft_sR_q15_len16                    0x1000dd88   Data          16  arm_const_structs.o(.constdata)
    arm_cfft_sR_q15_len32                    0x1000dd98   Data          16  arm_const_structs.o(.constdata)
    arm_cfft_sR_q15_len64                    0x1000dda8   Data          16  arm_const_structs.o(.constdata)
    arm_cfft_sR_q15_len128                   0x1000ddb8   Data          16  arm_const_structs.o(.constdata)
    arm_cfft_sR_q15_len256                   0x1000ddc8   Data          16  arm_const_structs.o(.constdata)
    arm_cfft_sR_q15_len512                   0x1000ddd8   Data          16  arm_const_structs.o(.constdata)
    arm_cfft_sR_q15_len1024                  0x1000dde8   Data          16  arm_const_structs.o(.constdata)
    arm_cfft_sR_q15_len2048                  0x1000ddf8   Data          16  arm_const_structs.o(.constdata)
    arm_cfft_sR_q15_len4096                  0x1000de08   Data          16  arm_const_structs.o(.constdata)
    twiddleCoef_16_q15                       0x1000de18   Data          48  arm_common_tables.o(.constdata)
    twiddleCoef_32_q15                       0x1000de48   Data          96  arm_common_tables.o(.constdata)
    twiddleCoef_64_q15                       0x1000dea8   Data         192  arm_common_tables.o(.constdata)
    twiddleCoef_128_q15                      0x1000df68   Data         384  arm_common_tables.o(.constdata)
    twiddleCoef_256_q15                      0x1000e0e8   Data         768  arm_common_tables.o(.constdata)
    twiddleCoef_512_q15                      0x1000e3e8   Data        1536  arm_common_tables.o(.constdata)
    twiddleCoef_1024_q15                     0x1000e9e8   Data        3072  arm_common_tables.o(.constdata)
    twiddleCoef_2048_q15                     0x1000f5e8   Data        6144  arm_common_tables.o(.constdata)
    twiddleCoef_4096_q15                     0x10010de8   Data       12288  arm_common_tables.o(.constdata)
    armBitRevIndexTable_fixed_16             0x10013de8   Data          24  arm_common_tables.o(.constdata)
    armBitRevIndexTable_fixed_32             0x10013e00   Data          48  arm_common_tables.o(.constdata)
    armBitRevIndexTable_fixed_64             0x10013e30   Data         112  arm_common_tables.o(.constdata)
    armBitRevIndexTable_fixed_128            0x10013ea0   Data         224  arm_common_tables.o(.constdata)
    armBitRevIndexTable_fixed_256            0x10013f80   Data         480  arm_common_tables.o(.constdata)
    armBitRevIndexTable_fixed_512            0x10014160   Data         960  arm_common_tables.o(.constdata)
    armBitRevIndexTable_fixed_1024           0x10014520   Data        1984  arm_common_tables.o(.constdata)
    armBitRevIndexTable_fixed_2048           0x10014ce0   Data        3968  arm_common_tables.o(.constdata)
    armBitRevIndexTable_fixed_4096           0x10015c60   Data        8064  arm_common_tables.o(.constdata)
    Region$$Table$$Base                      0x10017cac   Number         0  anon$$obj.o(Region$$Table)
    Region$$Table$$Limit                     0x10017ccc   Number         0  anon$$obj.o(Region$$Table)
    Image$$RW_m_data$$Base                   0x20000000   Number         0  anon$$obj.o ABSOLUTE
    SystemCoreClock                          0x20000000   Data           4  system_mkv58f24.o(.data)
    ADC0_PTE16                               0x20000004   Data          12  fsl_adc16.o(.data)
    ADC0_PTE17                               0x20000010   Data          12  fsl_adc16.o(.data)
    ADC0_PTE18                               0x2000001c   Data          12  fsl_adc16.o(.data)
    ADC0_PTE11                               0x20000028   Data          12  fsl_adc16.o(.data)
    ADC0_PTE12                               0x20000034   Data          12  fsl_adc16.o(.data)
    ADC0_PTE19                               0x20000040   Data          12  fsl_adc16.o(.data)
    ADC0_PTB4                                0x2000004c   Data          12  fsl_adc16.o(.data)
    ADC0_PTB5                                0x20000058   Data          12  fsl_adc16.o(.data)
    g_xtal0Freq                              0x2000006c   Data           4  fsl_clock.o(.data)
    PTA4                                     0x2000008c   Data          16  fsl_gpio.o(.data)
    PTA8                                     0x2000009c   Data          16  fsl_gpio.o(.data)
    PTA9                                     0x200000ac   Data          16  fsl_gpio.o(.data)
    PTA12                                    0x200000bc   Data          16  fsl_gpio.o(.data)
    PTA13                                    0x200000cc   Data          16  fsl_gpio.o(.data)
    PTA16                                    0x200000dc   Data          16  fsl_gpio.o(.data)
    PTA17                                    0x200000ec   Data          16  fsl_gpio.o(.data)
    PTB0                                     0x200000fc   Data          16  fsl_gpio.o(.data)
    PTB1                                     0x2000010c   Data          16  fsl_gpio.o(.data)
    PTB4                                     0x2000011c   Data          16  fsl_gpio.o(.data)
    PTB5                                     0x2000012c   Data          16  fsl_gpio.o(.data)
    PTB9                                     0x2000013c   Data          16  fsl_gpio.o(.data)
    PTB16                                    0x2000014c   Data          16  fsl_gpio.o(.data)
    PTB17                                    0x2000015c   Data          16  fsl_gpio.o(.data)
    PTB18                                    0x2000016c   Data          16  fsl_gpio.o(.data)
    PTB19                                    0x2000017c   Data          16  fsl_gpio.o(.data)
    PTB20                                    0x2000018c   Data          16  fsl_gpio.o(.data)
    PTB21                                    0x2000019c   Data          16  fsl_gpio.o(.data)
    PTB22                                    0x200001ac   Data          16  fsl_gpio.o(.data)
    PTB23                                    0x200001bc   Data          16  fsl_gpio.o(.data)
    PTC1                                     0x200001cc   Data          16  fsl_gpio.o(.data)
    PTC12                                    0x200001dc   Data          16  fsl_gpio.o(.data)
    PTC13                                    0x200001ec   Data          16  fsl_gpio.o(.data)
    PTC14                                    0x200001fc   Data          16  fsl_gpio.o(.data)
    PTC15                                    0x2000020c   Data          16  fsl_gpio.o(.data)
    PTE7                                     0x2000021c   Data          16  fsl_gpio.o(.data)
    PTE8                                     0x2000022c   Data          16  fsl_gpio.o(.data)
    PTE9                                     0x2000023c   Data          16  fsl_gpio.o(.data)
    PTE10                                    0x2000024c   Data          16  fsl_gpio.o(.data)
    PTE11                                    0x2000025c   Data          16  fsl_gpio.o(.data)
    PTE12                                    0x2000026c   Data          16  fsl_gpio.o(.data)
    PTE16                                    0x2000027c   Data          16  fsl_gpio.o(.data)
    PTE17                                    0x2000028c   Data          16  fsl_gpio.o(.data)
    PTE18                                    0x2000029c   Data          16  fsl_gpio.o(.data)
    PTE19                                    0x200002ac   Data          16  fsl_gpio.o(.data)
    UARTN                                    0x200002d0   Data          24  fsl_uart.o(.data)
    HDUlogo                                  0x200002e8   Data        1024  oled.o(.data)
    P_adjust                                 0x200006e8   Data           4  ui.o(.data)
    P_display                                0x200006ec   Data           4  ui.o(.data)
    mykey                                    0x200006f0   Data          28  ui.o(.data)
    Confluence_flag                          0x200008a4   Data           4  parameter.o(.data)
    stop_flag                                0x200008a8   Data           4  parameter.o(.data)
    counter_flag                             0x200008ac   Data           4  parameter.o(.data)
    date                                     0x200008b0   Data           4  parameter.o(.data)
    uwb_x                                    0x200008b4   Data           4  parameter.o(.data)
    uwb_X                                    0x200008b8   Data           4  parameter.o(.data)
    uwb_flag                                 0x200008bc   Data           4  parameter.o(.data)
    N                                        0x200008c0   Data           4  parameter.o(.data)
    Steer_L_Range                            0x200008c4   Data           2  parameter.o(.data)
    Speed_Rmodu                              0x200008c8   Data           4  parameter.o(.data)
    Speed_Lmodu                              0x200008cc   Data           4  parameter.o(.data)
    Motor_LOut                               0x200008d0   Data           2  parameter.o(.data)
    Motor_ROut                               0x200008d2   Data           2  parameter.o(.data)
    Motor_Max                                0x200008d4   Data           2  parameter.o(.data)
    Speed_L                                  0x200008d6   Data          12  parameter.o(.data)
    Speed_R                                  0x200008e2   Data          12  parameter.o(.data)
    sum_max                                  0x200008ee   Data           2  parameter.o(.data)
    sum_max1                                 0x200008f0   Data           2  parameter.o(.data)
    Motor_L                                  0x200008f2   Data           2  parameter.o(.data)
    Motor_R                                  0x200008f4   Data           2  parameter.o(.data)
    Motor_Lshow                              0x200008f8   Data           4  parameter.o(.data)
    Motor_Rshow                              0x200008fc   Data           4  parameter.o(.data)
    Straight_Count                           0x20000900   Data           2  parameter.o(.data)
    ShaChe_Count                             0x20000902   Data           2  parameter.o(.data)
    Speed_P                                  0x20000904   Data           4  parameter.o(.data)
    Speed_I                                  0x20000908   Data           4  parameter.o(.data)
    Speed_D                                  0x2000090c   Data           4  parameter.o(.data)
    v_D                                      0x20000910   Data           4  parameter.o(.data)
    v_P                                      0x20000914   Data           4  parameter.o(.data)
    wandao_Flag                              0x20000918   Data           2  parameter.o(.data)
    D_ZHI                                    0x2000091a   Data           2  parameter.o(.data)
    C_ZHI                                    0x2000091c   Data           2  parameter.o(.data)
    D_Zhi_Value                              0x2000091e   Data           2  parameter.o(.data)
    C_Zhi_Value                              0x20000920   Data           2  parameter.o(.data)
    ss1                                      0x20000922   Data           2  parameter.o(.data)
    ss2                                      0x20000924   Data           2  parameter.o(.data)
    duanzhidao_Count                         0x20000926   Data           2  parameter.o(.data)
    changzhidao_Count                        0x20000928   Data           2  parameter.o(.data)
    Speed_Value                              0x2000092a   Data           2  parameter.o(.data)
    Speed_LError_Last                        0x2000092c   Data           2  parameter.o(.data)
    Speed_LError_Prev                        0x2000092e   Data           2  parameter.o(.data)
    Speed_LOut                               0x20000930   Data           2  parameter.o(.data)
    Speed_LOut_show                          0x20000932   Data           2  parameter.o(.data)
    Speed_LError_Now                         0x20000934   Data           2  parameter.o(.data)
    Speed_RError_Last                        0x20000936   Data           2  parameter.o(.data)
    Speed_RError_Prev                        0x20000938   Data           2  parameter.o(.data)
    Speed_ROut                               0x2000093a   Data           2  parameter.o(.data)
    Speed_ROut_show                          0x2000093c   Data           2  parameter.o(.data)
    Speed_RError_Now                         0x2000093e   Data           2  parameter.o(.data)
    P_L                                      0x20000940   Data           4  parameter.o(.data)
    P_R                                      0x20000944   Data           4  parameter.o(.data)
    bug_flag                                 0x20000948   Data           4  parameter.o(.data)
    sum_flag                                 0x2000094c   Data           4  parameter.o(.data)
    huan_plus                                0x20000950   Data           4  parameter.o(.data)
    huan_time                                0x20000954   Data           4  parameter.o(.data)
    huan_time1                               0x20000958   Data           4  parameter.o(.data)
    huan_empty_time                          0x2000095c   Data           4  parameter.o(.data)
    ramp_time                                0x20000960   Data           4  parameter.o(.data)
    ramp_flag                                0x20000964   Data           4  parameter.o(.data)
    ramp_flag1                               0x20000968   Data           4  parameter.o(.data)
    ramp_count                               0x2000096c   Data           4  parameter.o(.data)
    huan_flag                                0x20000970   Data           4  parameter.o(.data)
    huan_flag1                               0x20000974   Data           4  parameter.o(.data)
    huan_flag3                               0x20000978   Data           4  parameter.o(.data)
    cross_flag                               0x2000097c   Data           4  parameter.o(.data)
    huan_flag2                               0x20000980   Data           4  parameter.o(.data)
    pwm_dif                                  0x20000984   Data           4  parameter.o(.data)
    PWM_servo                                0x20000988   Data           4  parameter.o(.data)
    ORG_servo                                0x2000098c   Data           4  parameter.o(.data)
    ORG_chaspeed                             0x20000990   Data           4  parameter.o(.data)
    PID_Answer                               0x20000994   Data           4  parameter.o(.data)
    Servoduty                                0x20000998   Data           4  parameter.o(.data)
    servomid                                 0x2000099c   Data           4  parameter.o(.data)
    Mo                                       0x200009a0   Data           4  parameter.o(.data)
    Se                                       0x200009a4   Data           4  parameter.o(.data)
    Ac                                       0x200009a8   Data           4  parameter.o(.data)
    St                                       0x200009ac   Data           4  parameter.o(.data)
    SMo                                      0x200009b0   Data           4  parameter.o(.data)
    direction                                0x200009b4   Data           4  parameter.o(.data)
    E                                        0x200009b8   Data           4  parameter.o(.data)
    EC                                       0x200009bc   Data           4  parameter.o(.data)
    last_E                                   0x200009c0   Data           4  parameter.o(.data)
    EH                                       0x200009c4   Data           4  parameter.o(.data)
    EHC                                      0x200009c8   Data           4  parameter.o(.data)
    last_EH                                  0x200009cc   Data           4  parameter.o(.data)
    P                                        0x200009d0   Data           4  parameter.o(.data)
    D                                        0x200009d4   Data           4  parameter.o(.data)
    EW                                       0x200009d8   Data           4  parameter.o(.data)
    time_s                                   0x200009dc   Data           4  parameter.o(.data)
    speed_mid                                0x200009e0   Data           4  parameter.o(.data)
    speed_mid_turn                           0x200009e4   Data           4  parameter.o(.data)
    speed_mid_huan                           0x200009e8   Data           4  parameter.o(.data)
    L_sum                                    0x200009ec   Data           4  parameter.o(.data)
    R_sum                                    0x200009f0   Data           4  parameter.o(.data)
    Double_min                               0x200009f4   Data           4  parameter.o(.data)
    Single_min                               0x200009f8   Data           4  parameter.o(.data)
    Single_max                               0x200009fc   Data           4  parameter.o(.data)
    speed_L                                  0x20000a00   Data           4  parameter.o(.data)
    speed_R                                  0x20000a04   Data           4  parameter.o(.data)
    speed_flag                               0x20000a08   Data           4  parameter.o(.data)
    speed_Flag                               0x20000a0c   Data           4  parameter.o(.data)
    vol                                      0x20000a10   Data           4  parameter.o(.data)
    startCount                               0x20000a14   Data           4  parameter.o(.data)
    dif_W                                    0x20000a18   Data           4  parameter.o(.data)
    sum_W                                    0x20000a1c   Data           4  parameter.o(.data)
    dif_L                                    0x20000a20   Data           4  parameter.o(.data)
    sum_L                                    0x20000a24   Data           4  parameter.o(.data)
    sum_all                                  0x20000a28   Data           4  parameter.o(.data)
    dif_huan                                 0x20000a2c   Data           4  parameter.o(.data)
    sum_huan                                 0x20000a30   Data           4  parameter.o(.data)
    speed                                    0x20000a34   Data           4  parameter.o(.data)
    Ang_Y                                    0x20000a38   Data           4  parameter.o(.data)
    ADCchannel                               0x20000a3c   Data          32  systemcar.o(.data)
    ifftFlag                                 0x20000aa0   Data           4  fft_arm.o(.data)
    doBitReverse                             0x20000aa4   Data           4  fft_arm.o(.data)
    PFF                                      0x20000aa8   Data          20  fuzzy_control.o(.data)
    DFF                                      0x20000abc   Data          20  fuzzy_control.o(.data)
    UD                                       0x20000ad0   Data          20  fuzzy_control.o(.data)
    UP                                       0x20000ae4   Data          20  fuzzy_control.o(.data)
    P_rule                                   0x20000af8   Data         100  fuzzy_control.o(.data)
    D_rule                                   0x20000b5c   Data         100  fuzzy_control.o(.data)
    pff                                      0x20000bc0   Data          20  fuzzy_control.o(.data)
    dff                                      0x20000bd4   Data          20  fuzzy_control.o(.data)
    ud                                       0x20000be8   Data          20  fuzzy_control.o(.data)
    up                                       0x20000bfc   Data          20  fuzzy_control.o(.data)
    p_rule                                   0x20000c10   Data         100  fuzzy_control.o(.data)
    d_rule                                   0x20000c74   Data         100  fuzzy_control.o(.data)
    s_uartHandle                             0x20000d70   Data          24  fsl_uart.o(.bss)
    AD_result                                0x20000d88   Data          32  parameter.o(.bss)
    uwb_data                                 0x20000da8   Data          12  parameter.o(.bss)
    motor                                    0x20000db4   Data          36  parameter.o(.bss)
    servo                                    0x20000dd8   Data          36  parameter.o(.bss)
    acce                                     0x20000dfc   Data          36  parameter.o(.bss)
    servo_t                                  0x20000e20   Data          36  parameter.o(.bss)
    smotor                                   0x20000e44   Data          64  parameter.o(.bss)
    GyX                                      0x20000e84   Data          28  parameter.o(.bss)
    GyY                                      0x20000ea0   Data          28  parameter.o(.bss)
    GyZ                                      0x20000ebc   Data          28  parameter.o(.bss)
    ACX                                      0x20000ed8   Data          28  parameter.o(.bss)
    ACY                                      0x20000ef4   Data          28  parameter.o(.bss)
    ACZ                                      0x20000f10   Data          28  parameter.o(.bss)
    Spe                                      0x20000f2c   Data          28  parameter.o(.bss)
    S                                        0x200010c8   Data          24  fft_arm.o(.bss)
    Image$$ARM_LIB_STACK$$ZI$$Limit          0x2f010000   Number         0  anon$$obj.o ABSOLUTE



==============================================================================

Memory Map of the image

  Image Entry point : 0x10000411

  Load Region LR_m_text (Base: 0x10000000, Size: 0x000189a4, Max: 0x00100000, ABSOLUTE, COMPRESSED[0x000180f4])

    Execution Region VECTOR_ROM (Exec base: 0x10000000, Load base: 0x10000000, Size: 0x00000400, Max: 0x00000400, ABSOLUTE)

    Exec Addr    Load Addr    Size         Type   Attr      Idx    E Section Name        Object

    0x10000000   0x10000000   0x00000400   Data   RO            4    RESET               startup_mkv58f24.o


    Execution Region VECTOR_RAM (Exec base: 0x10000000, Load base: 0x10017ccc, Size: 0x00000000, Max: 0x00000000, ABSOLUTE)

    Exec Addr    Load Addr    Size         Type   Attr      Idx    E Section Name        Object

    0x10000000        -       0x00000000   Zero   RW            1    VECTOR_RAM.bss      anon$$obj.o


    Execution Region ER_m_flash_config (Exec base: 0x10000400, Load base: 0x10000400, Size: 0x00000010, Max: 0x00000010, ABSOLUTE, FIXED)

    Exec Addr    Load Addr    Size         Type   Attr      Idx    E Section Name        Object

    0x10000400   0x10000400   0x00000010   Data   RO            5    FlashConfig         startup_mkv58f24.o


    Execution Region ER_m_text (Exec base: 0x10000410, Load base: 0x10000410, Size: 0x000178bc, Max: 0x000ffbf0, ABSOLUTE)

    Exec Addr    Load Addr    Size         Type   Attr      Idx    E Section Name        Object

    0x10000410   0x10000410   0x00000000   Code   RO         6582  * .ARM.Collect$$$$00000000  mc_w.l(entry.o)
    0x10000410   0x10000410   0x00000004   Code   RO         6874    .ARM.Collect$$$$00000003  mc_w.l(entry4.o)
    0x10000414   0x10000414   0x00000004   Code   RO         6877    .ARM.Collect$$$$00000004  mc_w.l(entry5.o)
    0x10000418   0x10000418   0x00000000   Code   RO         6879    .ARM.Collect$$$$00000008  mc_w.l(entry7b.o)
    0x10000418   0x10000418   0x00000000   Code   RO         6881    .ARM.Collect$$$$0000000A  mc_w.l(entry8b.o)
    0x10000418   0x10000418   0x00000008   Code   RO         6882    .ARM.Collect$$$$0000000B  mc_w.l(entry9a.o)
    0x10000420   0x10000420   0x00000000   Code   RO         6884    .ARM.Collect$$$$0000000D  mc_w.l(entry10a.o)
    0x10000420   0x10000420   0x00000000   Code   RO         6886    .ARM.Collect$$$$0000000F  mc_w.l(entry11a.o)
    0x10000420   0x10000420   0x00000004   Code   RO         6875    .ARM.Collect$$$$00002714  mc_w.l(entry4.o)
    0x10000424   0x10000424   0x000001f8   Code   RO            6    .text               startup_mkv58f24.o
    0x1000061c   0x1000061c   0x000000d4   Code   RO         6284    .text               arm_cortexM7lfsp_math.lib(arm_rfft_init_q15.o)
    0x100006f0   0x100006f0   0x00000062   Code   RO         6585    .text               mc_w.l(uldiv.o)
    0x10000752   0x10000752   0x00000024   Code   RO         6589    .text               mc_w.l(memseta.o)
    0x10000776   0x10000776   0x0000014e   Code   RO         6854    .text               mf_w.l(dadd.o)
    0x100008c4   0x100008c4   0x000000e4   Code   RO         6856    .text               mf_w.l(dmul.o)
    0x100009a8   0x100009a8   0x000000de   Code   RO         6858    .text               mf_w.l(ddiv.o)
    0x10000a86   0x10000a86   0x00000022   Code   RO         6860    .text               mf_w.l(dflti.o)
    0x10000aa8   0x10000aa8   0x0000001a   Code   RO         6862    .text               mf_w.l(dfltui.o)
    0x10000ac2   0x10000ac2   0x0000003e   Code   RO         6866    .text               mf_w.l(dfixi.o)
    0x10000b00   0x10000b00   0x00000026   Code   RO         6870    .text               mf_w.l(f2d.o)
    0x10000b26   0x10000b26   0x00000038   Code   RO         6872    .text               mf_w.l(d2f.o)
    0x10000b5e   0x10000b5e   0x0000002c   Code   RO         6891    .text               mc_w.l(uidiv.o)
    0x10000b8a   0x10000b8a   0x0000001e   Code   RO         6893    .text               mc_w.l(llshl.o)
    0x10000ba8   0x10000ba8   0x00000020   Code   RO         6895    .text               mc_w.l(llushr.o)
    0x10000bc8   0x10000bc8   0x00000024   Code   RO         6897    .text               mc_w.l(llsshr.o)
    0x10000bec   0x10000bec   0x00000000   Code   RO         6899    .text               mc_w.l(iusefp.o)
    0x10000bec   0x10000bec   0x0000006e   Code   RO         6900    .text               mf_w.l(fepilogue.o)
    0x10000c5a   0x10000c5a   0x000000ba   Code   RO         6902    .text               mf_w.l(depilogue.o)
    0x10000d14   0x10000d14   0x00000024   Code   RO         6908    .text               mc_w.l(init.o)
    0x10000d38   0x10000d38   0x00000056   Code   RO         6920    .text               mc_w.l(__dczerorl2.o)
    0x10000d8e   0x10000d8e   0x00000002   PAD
    0x10000d90   0x10000d90   0x0000001c   Code   RO          246    i.ADC0_Init         fsl_adc16.o
    0x10000dac   0x10000dac   0x00000020   Code   RO          247    i.ADC0_Once         fsl_adc16.o
    0x10000dcc   0x10000dcc   0x00000040   Code   RO          248    i.ADC0_Start        fsl_adc16.o
    0x10000e0c   0x10000e0c   0x00000028   Code   RO         5827    i.ADC_get           systemcar.o
    0x10000e34   0x10000e34   0x00000050   Code   RO         4979    i.BOARD_BootClockRUN_240M  clock_config.o
    0x10000e84   0x10000e84   0x00000028   Code   RO         4983    i.BOARD_InitOsc0    clock_config.o
    0x10000eac   0x10000eac   0x00000010   Code   RO         5693    i.Beer_init         systemcar.o
    0x10000ebc   0x10000ebc   0x00000068   Code   RO         2577    i.CAN0_DriverIRQHandler  fsl_flexcan.o
    0x10000f24   0x10000f24   0x00000068   Code   RO         2578    i.CAN1_DriverIRQHandler  fsl_flexcan.o
    0x10000f8c   0x10000f8c   0x00000068   Code   RO         2579    i.CAN2_DriverIRQHandler  fsl_flexcan.o
    0x10000ff4   0x10000ff4   0x00000064   Code   RO          435    i.CLOCK_BootToPeeMode  fsl_clock.o
    0x10001058   0x10001058   0x00000018   Code   RO         3015    i.CLOCK_EnableClock  fsl_gpio.o
    0x10001070   0x10001070   0x00000068   Code   RO          439    i.CLOCK_EnablePll0  fsl_clock.o
    0x100010d8   0x100010d8   0x00000034   Code   RO          444    i.CLOCK_GetEr32kClkFreq  fsl_clock.o
    0x1000110c   0x1000110c   0x0000001c   Code   RO          446    i.CLOCK_GetFixedFreqClkFreq  fsl_clock.o
    0x10001128   0x10001128   0x0000004c   Code   RO          449    i.CLOCK_GetFllExtRefClkFreq  fsl_clock.o
    0x10001174   0x10001174   0x0000003c   Code   RO          450    i.CLOCK_GetFllFreq  fsl_clock.o
    0x100011b0   0x100011b0   0x0000001c   Code   RO          451    i.CLOCK_GetFllRefClkFreq  fsl_clock.o
    0x100011cc   0x100011cc   0x000000b8   Code   RO          452    i.CLOCK_GetFreq     fsl_clock.o
    0x10001284   0x10001284   0x00000014   Code   RO          453    i.CLOCK_GetInternalRefClkFreq  fsl_clock.o
    0x10001298   0x10001298   0x00000024   Code   RO          454    i.CLOCK_GetInternalRefClkSelectFreq  fsl_clock.o
    0x100012bc   0x100012bc   0x00000048   Code   RO          455    i.CLOCK_GetMcgExtClkFreq  fsl_clock.o
    0x10001304   0x10001304   0x0000005c   Code   RO          457    i.CLOCK_GetOsc0ErClkDivFreq  fsl_clock.o
    0x10001360   0x10001360   0x00000058   Code   RO          459    i.CLOCK_GetOsc0ErClkUndivFreq  fsl_clock.o
    0x100013b8   0x100013b8   0x00000020   Code   RO          460    i.CLOCK_GetOscRangeFromFreq  fsl_clock.o
    0x100013d8   0x100013d8   0x00000030   Code   RO          461    i.CLOCK_GetOutClkFreq  fsl_clock.o
    0x10001408   0x10001408   0x00000068   Code   RO          462    i.CLOCK_GetPll0Freq  fsl_clock.o
    0x10001470   0x10001470   0x00000004   Code   RO          463    i.CLOCK_GetPll0RefFreq  fsl_clock.o
    0x10001474   0x10001474   0x00000020   Code   RO          464    i.CLOCK_GetPllFllSelClkFreq  fsl_clock.o
    0x10001494   0x10001494   0x00000060   Code   RO          466    i.CLOCK_InitOsc0    fsl_clock.o
    0x100014f4   0x100014f4   0x00000018   Code   RO          470    i.CLOCK_SetExternalRefClkConfig  fsl_clock.o
    0x1000150c   0x1000150c   0x00000074   Code   RO          475    i.CLOCK_SetInternalRefClkConfig  fsl_clock.o
    0x10001580   0x10001580   0x0000004c   Code   RO          478    i.CLOCK_SetPbeMode  fsl_clock.o
    0x100015cc   0x100015cc   0x00000028   Code   RO          481    i.CLOCK_SetSimConfig  fsl_clock.o
    0x100015f4   0x100015f4   0x0000001c   Code   RO         5821    i.ConuterClean      systemcar.o
    0x10001610   0x10001610   0x0000000c   Code   RO         5694    i.CounterGet_L      systemcar.o
    0x1000161c   0x1000161c   0x0000000c   Code   RO         5695    i.CounterGet_R      systemcar.o
    0x10001628   0x10001628   0x00000054   Code   RO         5696    i.CounterInit       systemcar.o
    0x1000167c   0x1000167c   0x00000050   Code   RO         5697    i.CtrlPeriodTimerInit  systemcar.o
    0x100016cc   0x100016cc   0x0000000e   Code   RO           83    i.CtrlTask          main.o
    0x100016da   0x100016da   0x00000002   PAD
    0x100016dc   0x100016dc   0x00000038   Code   RO         1459    i.DMA0_DMA16_DriverIRQHandler  fsl_edma.o
    0x10001714   0x10001714   0x00000038   Code   RO         1461    i.DMA10_DMA26_DriverIRQHandler  fsl_edma.o
    0x1000174c   0x1000174c   0x00000038   Code   RO         1463    i.DMA11_DMA27_DriverIRQHandler  fsl_edma.o
    0x10001784   0x10001784   0x00000038   Code   RO         1465    i.DMA12_DMA28_DriverIRQHandler  fsl_edma.o
    0x100017bc   0x100017bc   0x00000038   Code   RO         1467    i.DMA13_DMA29_DriverIRQHandler  fsl_edma.o
    0x100017f4   0x100017f4   0x00000038   Code   RO         1469    i.DMA14_DMA30_DriverIRQHandler  fsl_edma.o
    0x1000182c   0x1000182c   0x00000038   Code   RO         1471    i.DMA15_DMA31_DriverIRQHandler  fsl_edma.o
    0x10001864   0x10001864   0x00000038   Code   RO         1477    i.DMA1_DMA17_DriverIRQHandler  fsl_edma.o
    0x1000189c   0x1000189c   0x00000038   Code   RO         1489    i.DMA2_DMA18_DriverIRQHandler  fsl_edma.o
    0x100018d4   0x100018d4   0x00000038   Code   RO         1493    i.DMA3_DMA19_DriverIRQHandler  fsl_edma.o
    0x1000190c   0x1000190c   0x00000038   Code   RO         1495    i.DMA4_DMA20_DriverIRQHandler  fsl_edma.o
    0x10001944   0x10001944   0x00000038   Code   RO         1497    i.DMA5_DMA21_DriverIRQHandler  fsl_edma.o
    0x1000197c   0x1000197c   0x00000038   Code   RO         1499    i.DMA6_DMA22_DriverIRQHandler  fsl_edma.o
    0x100019b4   0x100019b4   0x00000038   Code   RO         1501    i.DMA7_DMA23_DriverIRQHandler  fsl_edma.o
    0x100019ec   0x100019ec   0x00000038   Code   RO         1503    i.DMA8_DMA24_DriverIRQHandler  fsl_edma.o
    0x10001a24   0x10001a24   0x00000038   Code   RO         1505    i.DMA9_DMA25_DriverIRQHandler  fsl_edma.o
    0x10001a5c   0x10001a5c   0x00000018   Code   RO         1103    i.DSPI_CommonIRQHandler  fsl_dspi.o
    0x10001a74   0x10001a74   0x00000044   Code   RO         5056    i.Draw_BMP          oled.o
    0x10001ab8   0x10001ab8   0x00000088   Code   RO         1513    i.EDMA_GetChannelStatusFlags  fsl_edma.o
    0x10001b40   0x10001b40   0x000000dc   Code   RO         1517    i.EDMA_HandleIRQ    fsl_edma.o
    0x10001c1c   0x10001c1c   0x00000014   Code   RO         2085    i.ENET_Error_IRQHandler  fsl_enet.o
    0x10001c30   0x10001c30   0x00000014   Code   RO         2095    i.ENET_Receive_IRQHandler  fsl_enet.o
    0x10001c44   0x10001c44   0x00000014   Code   RO         2107    i.ENET_Transmit_IRQHandler  fsl_enet.o
    0x10001c58   0x10001c58   0x00000014   Code   RO         5960    i.FFT_arm_init      fft_arm.o
    0x10001c6c   0x10001c6c   0x0000005c   Code   RO         2870    i.FTM_GetDefaultConfig  fsl_ftm.o
    0x10001cc8   0x10001cc8   0x0000006c   Code   RO         2872    i.FTM_GetInstance   fsl_ftm.o
    0x10001d34   0x10001d34   0x000000dc   Code   RO         2874    i.FTM_Init          fsl_ftm.o
    0x10001e10   0x10001e10   0x000000b0   Code   RO         2875    i.FTM_SetPwmSync    fsl_ftm.o
    0x10001ec0   0x10001ec0   0x000000fc   Code   RO         2876    i.FTM_SetReloadPoints  fsl_ftm.o
    0x10001fbc   0x10001fbc   0x00000018   Code   RO         5698    i.FTM_SetSoftwareTrigger  systemcar.o
    0x10001fd4   0x10001fd4   0x0000022c   Code   RO         2881    i.FTM_SetupPwm      fsl_ftm.o
    0x10002200   0x10002200   0x0000009c   Code   RO         2884    i.FTM_UpdatePwmDutycycle  fsl_ftm.o
    0x1000229c   0x1000229c   0x000005c0   Code   RO         5993    i.Fuzzy_control     fuzzy_control.o
    0x1000285c   0x1000285c   0x0000005c   Code   RO         3019    i.GPIO_PinInit      fsl_gpio.o
    0x100028b8   0x100028b8   0x00000010   Code   RO         3020    i.GPIO_WritePinOutput  fsl_gpio.o
    0x100028c8   0x100028c8   0x00000014   Code   RO         3425    i.I2C0_DriverIRQHandler  fsl_i2c.o
    0x100028dc   0x100028dc   0x00000014   Code   RO         3426    i.I2C1_DriverIRQHandler  fsl_i2c.o
    0x100028f0   0x100028f0   0x00000024   Code   RO         3461    i.I2C_TransferCommonIRQHandler  fsl_i2c.o
    0x10002914   0x10002914   0x000001e8   Code   RO         5190    i.Key_scan          ui.o
    0x10002afc   0x10002afc   0x00000070   Code   RO         5699    i.MotorPWMChange1   systemcar.o
    0x10002b6c   0x10002b6c   0x00000070   Code   RO         5700    i.MotorPWMChange2   systemcar.o
    0x10002bdc   0x10002bdc   0x000000c0   Code   RO         5703    i.MotorPWMInit      systemcar.o
    0x10002c9c   0x10002c9c   0x00000016   Code   RO         4377    i.NVIC_DisableIRQ   fsl_uart.o
    0x10002cb2   0x10002cb2   0x00000016   Code   RO         4378    i.NVIC_EnableIRQ    fsl_uart.o
    0x10002cc8   0x10002cc8   0x00000032   Code   RO           84    i.NVIC_EncodePriority  main.o
    0x10002cfa   0x10002cfa   0x00000020   Code   RO           85    i.NVIC_SetPriority  main.o
    0x10002d1a   0x10002d1a   0x00000034   Code   RO         5060    i.OLED_CLS          oled.o
    0x10002d4e   0x10002d4e   0x00000018   Code   RO         5061    i.OLED_DLY_ms       oled.o
    0x10002d66   0x10002d66   0x00000036   Code   RO         5062    i.OLED_Fill         oled.o
    0x10002d9c   0x10002d9c   0x00000114   Code   RO         5063    i.OLED_Init         oled.o
    0x10002eb0   0x10002eb0   0x0000005c   Code   RO         5065    i.OLED_P6x8Str      oled.o
    0x10002f0c   0x10002f0c   0x00000026   Code   RO         5070    i.OLED_Set_Pos      oled.o
    0x10002f32   0x10002f32   0x00000002   PAD
    0x10002f34   0x10002f34   0x00000050   Code   RO         5071    i.OLED_WrCmd        oled.o
    0x10002f84   0x10002f84   0x00000050   Code   RO         5072    i.OLED_WrDat        oled.o
    0x10002fd4   0x10002fd4   0x00000016   Code   RO         5553    i.PIDInit           pid.o
    0x10002fea   0x10002fea   0x00000002   PAD
    0x10002fec   0x10002fec   0x00000028   Code   RO         5705    i.PIT0_IRQHandler   systemcar.o
    0x10003014   0x10003014   0x00000074   Code   RO         3999    i.PIT_GetInstance   fsl_pit.o
    0x10003088   0x10003088   0x00000080   Code   RO         4001    i.PIT_Init          fsl_pit.o
    0x10003108   0x10003108   0x00000044   Code   RO         3021    i.PORT_SetPinConfig  fsl_gpio.o
    0x1000314c   0x1000314c   0x000000cc   Code   RO         5293    i.Par_init          parameter.o
    0x10003218   0x10003218   0x00000058   Code   RO         1138    i.SPI0_DriverIRQHandler  fsl_dspi.o
    0x10003270   0x10003270   0x00000058   Code   RO         1139    i.SPI1_DriverIRQHandler  fsl_dspi.o
    0x100032c8   0x100032c8   0x00000058   Code   RO         1140    i.SPI2_DriverIRQHandler  fsl_dspi.o
    0x10003320   0x10003320   0x00000020   Code   RO         5706    i.ServoPWMDuty1     systemcar.o
    0x10003340   0x10003340   0x00000070   Code   RO         5708    i.ServoPWMInit      systemcar.o
    0x100033b0   0x100033b0   0x0000008c   Code   RO         5191    i.Showname_OLED_P6x8Str  ui.o
    0x1000343c   0x1000343c   0x00000034   Code   RO         5192    i.Shownum_OLED_P6x8Str  ui.o
    0x10003470   0x10003470   0x00000140   Code   RO         5851    i.Speed_LControl    data_analyse.o
    0x100035b0   0x100035b0   0x00000140   Code   RO         5852    i.Speed_RControl    data_analyse.o
    0x100036f0   0x100036f0   0x0000009c   Code   RO           16    i.SystemInit        system_mkv58f24.o
    0x1000378c   0x1000378c   0x00000018   Code   RO         4379    i.UART0_DriverIRQHandler  fsl_uart.o
    0x100037a4   0x100037a4   0x00000004   Code   RO         4380    i.UART0_RX_TX_DriverIRQHandler  fsl_uart.o
    0x100037a8   0x100037a8   0x00000038   Code   RO           86    i.UART0_RX_TX_IRQHandler  main.o
    0x100037e0   0x100037e0   0x00000018   Code   RO         4381    i.UART1_DriverIRQHandler  fsl_uart.o
    0x100037f8   0x100037f8   0x00000004   Code   RO         4382    i.UART1_RX_TX_DriverIRQHandler  fsl_uart.o
    0x100037fc   0x100037fc   0x00000018   Code   RO         4383    i.UART2_DriverIRQHandler  fsl_uart.o
    0x10003814   0x10003814   0x00000004   Code   RO         4384    i.UART2_RX_TX_DriverIRQHandler  fsl_uart.o
    0x10003818   0x10003818   0x00000018   Code   RO         4385    i.UART3_DriverIRQHandler  fsl_uart.o
    0x10003830   0x10003830   0x00000004   Code   RO         4386    i.UART3_RX_TX_DriverIRQHandler  fsl_uart.o
    0x10003834   0x10003834   0x00000018   Code   RO         4387    i.UART4_DriverIRQHandler  fsl_uart.o
    0x1000384c   0x1000384c   0x00000004   Code   RO         4388    i.UART4_RX_TX_DriverIRQHandler  fsl_uart.o
    0x10003850   0x10003850   0x00000018   Code   RO         4389    i.UART5_DriverIRQHandler  fsl_uart.o
    0x10003868   0x10003868   0x00000004   Code   RO         4390    i.UART5_RX_TX_DriverIRQHandler  fsl_uart.o
    0x1000386c   0x1000386c   0x00000040   Code   RO         4391    i.UART_ClearStatusFlags  fsl_uart.o
    0x100038ac   0x100038ac   0x00000016   Code   RO         4398    i.UART_GetStatusFlags  fsl_uart.o
    0x100038c2   0x100038c2   0x00000002   PAD
    0x100038c4   0x100038c4   0x00000088   Code   RO         4401    i.UART_Irq_Dis      fsl_uart.o
    0x1000394c   0x1000394c   0x00000088   Code   RO         4402    i.UART_Irq_En       fsl_uart.o
    0x100039d4   0x100039d4   0x00000020   Code   RO         4405    i.UART_Query_Char   fsl_uart.o
    0x100039f4   0x100039f4   0x0000002e   Code   RO         4406    i.UART_Query_Str    fsl_uart.o
    0x10003a22   0x10003a22   0x00000002   PAD
    0x10003a24   0x10003a24   0x0000006c   Code   RO         5193    i.UI_display        ui.o
    0x10003a90   0x10003a90   0x000000f4   Code   RO         5194    i.UI_init           ui.o
    0x10003b84   0x10003b84   0x0000008c   Code   RO         6208    i.UWB_RNG           uwb.o
    0x10003c10   0x10003c10   0x00000028   Code   RO         6640    i.__0sprintf$1      mc_w.l(printf1.o)
    0x10003c38   0x10003c38   0x00000004   Code   RO          763    i.__aeabi_assert    fsl_common.o
    0x10003c3c   0x10003c3c   0x0000000e   Code   RO         6914    i.__scatterload_copy  mc_w.l(handlers.o)
    0x10003c4a   0x10003c4a   0x00000002   Code   RO         6915    i.__scatterload_null  mc_w.l(handlers.o)
    0x10003c4c   0x10003c4c   0x0000000e   Code   RO         6916    i.__scatterload_zeroinit  mc_w.l(handlers.o)
    0x10003c5a   0x10003c5a   0x00000002   PAD
    0x10003c5c   0x10003c5c   0x00000154   Code   RO         6645    i._printf_core      mc_w.l(printf1.o)
    0x10003db0   0x10003db0   0x0000000a   Code   RO         6647    i._sputc            mc_w.l(printf1.o)
    0x10003dba   0x10003dba   0x00000002   PAD
    0x10003dbc   0x10003dbc   0x000003f0   Code   RO         5853    i.caculate_speed2   data_analyse.o
    0x100041ac   0x100041ac   0x00000034   Code   RO         5195    i.cursor_set        ui.o
    0x100041e0   0x100041e0   0x00000090   Code   RO         5854    i.filter            data_analyse.o
    0x10004270   0x10004270   0x00000006   Code   RO         2885    i.ftm_quad_clean    fsl_ftm.o
    0x10004276   0x10004276   0x00000006   Code   RO         2886    i.ftm_quad_get      fsl_ftm.o
    0x1000427c   0x1000427c   0x0000005c   Code   RO         2887    i.ftm_quad_init     fsl_ftm.o
    0x100042d8   0x100042d8   0x00000018   Code   RO         3023    i.gpio_get          fsl_gpio.o
    0x100042f0   0x100042f0   0x00000038   Code   RO         3024    i.gpio_init         fsl_gpio.o
    0x10004328   0x10004328   0x00000008   Code   RO         3025    i.gpio_set          fsl_gpio.o
    0x10004330   0x10004330   0x00000028   Code   RO         5264    i.kalman_fliter_init  kalman.o
    0x10004358   0x10004358   0x00000038   Code   RO         3813    i.lptmr_delay_ms    fsl_lptmr.o
    0x10004390   0x10004390   0x000000b4   Code   RO           87    i.main              main.o
    0x10004444   0x10004444   0x00000084   Code   RO         3026    i.port_init         fsl_gpio.o
    0x100044c8   0x100044c8   0x00000032   Code   RO         3027    i.port_init_NoALT   fsl_gpio.o
    0x100044fa   0x100044fa   0x00000002   PAD
    0x100044fc   0x100044fc   0x0000007c   Code   RO         5858    i.ramp_process      data_analyse.o
    0x10004578   0x10004578   0x00000018   Code   RO         5859    i.set_Angle         data_analyse.o
    0x10004590   0x10004590   0x000000d0   Code   RO         5860    i.set_Speed         data_analyse.o
    0x10004660   0x10004660   0x000007b8   Code   RO         5861    i.signal2           data_analyse.o
    0x10004e18   0x10004e18   0x00000024   Code   RO         5709    i.std_io_init       systemcar.o
    0x10004e3c   0x10004e3c   0x00000044   Code   RO         5862    i.timerset          data_analyse.o
    0x10004e80   0x10004e80   0x00000030   Code   RO         5710    i.uartPut_init      systemcar.o
    0x10004eb0   0x10004eb0   0x0000010c   Code   RO         4426    i.uart_init         fsl_uart.o
    0x10004fbc   0x10004fbc   0x0000001c   Code   RO         4427    i.uart_putbuff      fsl_uart.o
    0x10004fd8   0x10004fd8   0x0000000a   Code   RO         4428    i.uart_putchar      fsl_uart.o
    0x10004fe2   0x10004fe2   0x00000002   PAD
    0x10004fe4   0x10004fe4   0x00000010   Code   RO         5197    i.value_set         ui.o
    0x10004ff4   0x10004ff4   0x00000110   Code   RO         5711    i.vcan_sendware     systemcar.o
    0x10005104   0x10005104   0x00000034   Code   RO         5863    i.wireless_task     data_analyse.o
    0x10005138   0x10005138   0x00000060   Data   RO          483    .constdata          fsl_clock.o
    0x10005198   0x10005198   0x00000020   Data   RO         2888    .constdata          fsl_ftm.o
    0x100051b8   0x100051b8   0x00000008   Data   RO         4002    .constdata          fsl_pit.o
    0x100051c0   0x100051c0   0x00000064   Data   RO         4984    .constdata          clock_config.o
    0x10005224   0x10005224   0x00000b61   Data   RO         5073    .constdata          oled.o
    0x10005d85   0x10005d85   0x00000001   PAD
    0x10005d86   0x10005d86   0x00008000   Data   RO         6285    .constdata          arm_cortexM7lfsp_math.lib(arm_rfft_init_q15.o)
    0x1000dd86   0x1000dd86   0x00000002   PAD
    0x1000dd88   0x1000dd88   0x00000010   Data   RO         6413    .constdata          arm_cortexM7lfsp_math.lib(arm_const_structs.o)
    0x1000dd98   0x1000dd98   0x00000010   Data   RO         6414    .constdata          arm_cortexM7lfsp_math.lib(arm_const_structs.o)
    0x1000dda8   0x1000dda8   0x00000010   Data   RO         6415    .constdata          arm_cortexM7lfsp_math.lib(arm_const_structs.o)
    0x1000ddb8   0x1000ddb8   0x00000010   Data   RO         6416    .constdata          arm_cortexM7lfsp_math.lib(arm_const_structs.o)
    0x1000ddc8   0x1000ddc8   0x00000010   Data   RO         6417    .constdata          arm_cortexM7lfsp_math.lib(arm_const_structs.o)
    0x1000ddd8   0x1000ddd8   0x00000010   Data   RO         6418    .constdata          arm_cortexM7lfsp_math.lib(arm_const_structs.o)
    0x1000dde8   0x1000dde8   0x00000010   Data   RO         6419    .constdata          arm_cortexM7lfsp_math.lib(arm_const_structs.o)
    0x1000ddf8   0x1000ddf8   0x00000010   Data   RO         6420    .constdata          arm_cortexM7lfsp_math.lib(arm_const_structs.o)
    0x1000de08   0x1000de08   0x00000010   Data   RO         6421    .constdata          arm_cortexM7lfsp_math.lib(arm_const_structs.o)
    0x1000de18   0x1000de18   0x00000030   Data   RO         6492    .constdata          arm_cortexM7lfsp_math.lib(arm_common_tables.o)
    0x1000de48   0x1000de48   0x00000060   Data   RO         6493    .constdata          arm_cortexM7lfsp_math.lib(arm_common_tables.o)
    0x1000dea8   0x1000dea8   0x000000c0   Data   RO         6494    .constdata          arm_cortexM7lfsp_math.lib(arm_common_tables.o)
    0x1000df68   0x1000df68   0x00000180   Data   RO         6495    .constdata          arm_cortexM7lfsp_math.lib(arm_common_tables.o)
    0x1000e0e8   0x1000e0e8   0x00000300   Data   RO         6496    .constdata          arm_cortexM7lfsp_math.lib(arm_common_tables.o)
    0x1000e3e8   0x1000e3e8   0x00000600   Data   RO         6497    .constdata          arm_cortexM7lfsp_math.lib(arm_common_tables.o)
    0x1000e9e8   0x1000e9e8   0x00000c00   Data   RO         6498    .constdata          arm_cortexM7lfsp_math.lib(arm_common_tables.o)
    0x1000f5e8   0x1000f5e8   0x00001800   Data   RO         6499    .constdata          arm_cortexM7lfsp_math.lib(arm_common_tables.o)
    0x10010de8   0x10010de8   0x00003000   Data   RO         6500    .constdata          arm_cortexM7lfsp_math.lib(arm_common_tables.o)
    0x10013de8   0x10013de8   0x00000018   Data   RO         6512    .constdata          arm_cortexM7lfsp_math.lib(arm_common_tables.o)
    0x10013e00   0x10013e00   0x00000030   Data   RO         6513    .constdata          arm_cortexM7lfsp_math.lib(arm_common_tables.o)
    0x10013e30   0x10013e30   0x00000070   Data   RO         6514    .constdata          arm_cortexM7lfsp_math.lib(arm_common_tables.o)
    0x10013ea0   0x10013ea0   0x000000e0   Data   RO         6515    .constdata          arm_cortexM7lfsp_math.lib(arm_common_tables.o)
    0x10013f80   0x10013f80   0x000001e0   Data   RO         6516    .constdata          arm_cortexM7lfsp_math.lib(arm_common_tables.o)
    0x10014160   0x10014160   0x000003c0   Data   RO         6517    .constdata          arm_cortexM7lfsp_math.lib(arm_common_tables.o)
    0x10014520   0x10014520   0x000007c0   Data   RO         6518    .constdata          arm_cortexM7lfsp_math.lib(arm_common_tables.o)
    0x10014ce0   0x10014ce0   0x00000f80   Data   RO         6519    .constdata          arm_cortexM7lfsp_math.lib(arm_common_tables.o)
    0x10015c60   0x10015c60   0x00001f80   Data   RO         6520    .constdata          arm_cortexM7lfsp_math.lib(arm_common_tables.o)
    0x10017be0   0x10017be0   0x000000cc   Data   RO         5198    .conststring        ui.o
    0x10017cac   0x10017cac   0x00000020   Data   RO         6912    Region$$Table       anon$$obj.o


    Execution Region RW_m_data (Exec base: 0x20000000, Load base: 0x10017ccc, Size: 0x000010e0, Max: 0x00020000, ABSOLUTE, COMPRESSED[0x00000428])

    Exec Addr    Load Addr    Size         Type   Attr      Idx    E Section Name        Object

    0x20000000   COMPRESSED   0x00000004   Data   RW           17    .data               system_mkv58f24.o
    0x20000004   COMPRESSED   0x0000000c   Data   RW          266    .data               fsl_adc16.o
    0x20000010   COMPRESSED   0x0000000c   Data   RW          267    .data               fsl_adc16.o
    0x2000001c   COMPRESSED   0x0000000c   Data   RW          268    .data               fsl_adc16.o
    0x20000028   COMPRESSED   0x0000000c   Data   RW          269    .data               fsl_adc16.o
    0x20000034   COMPRESSED   0x0000000c   Data   RW          270    .data               fsl_adc16.o
    0x20000040   COMPRESSED   0x0000000c   Data   RW          271    .data               fsl_adc16.o
    0x2000004c   COMPRESSED   0x0000000c   Data   RW          272    .data               fsl_adc16.o
    0x20000058   COMPRESSED   0x0000000c   Data   RW          273    .data               fsl_adc16.o
    0x20000064   COMPRESSED   0x0000000c   Data   RW          484    .data               fsl_clock.o
    0x20000070   COMPRESSED   0x00000008   Data   RW         1143    .data               fsl_dspi.o
    0x20000078   COMPRESSED   0x00000010   Data   RW         2112    .data               fsl_enet.o
    0x20000088   COMPRESSED   0x00000004   Data   RW         2617    .data               fsl_flexcan.o
    0x2000008c   COMPRESSED   0x00000010   Data   RW         3033    .data               fsl_gpio.o
    0x2000009c   COMPRESSED   0x00000010   Data   RW         3037    .data               fsl_gpio.o
    0x200000ac   COMPRESSED   0x00000010   Data   RW         3038    .data               fsl_gpio.o
    0x200000bc   COMPRESSED   0x00000010   Data   RW         3041    .data               fsl_gpio.o
    0x200000cc   COMPRESSED   0x00000010   Data   RW         3042    .data               fsl_gpio.o
    0x200000dc   COMPRESSED   0x00000010   Data   RW         3045    .data               fsl_gpio.o
    0x200000ec   COMPRESSED   0x00000010   Data   RW         3046    .data               fsl_gpio.o
    0x200000fc   COMPRESSED   0x00000010   Data   RW         3055    .data               fsl_gpio.o
    0x2000010c   COMPRESSED   0x00000010   Data   RW         3056    .data               fsl_gpio.o
    0x2000011c   COMPRESSED   0x00000010   Data   RW         3059    .data               fsl_gpio.o
    0x2000012c   COMPRESSED   0x00000010   Data   RW         3060    .data               fsl_gpio.o
    0x2000013c   COMPRESSED   0x00000010   Data   RW         3064    .data               fsl_gpio.o
    0x2000014c   COMPRESSED   0x00000010   Data   RW         3067    .data               fsl_gpio.o
    0x2000015c   COMPRESSED   0x00000010   Data   RW         3068    .data               fsl_gpio.o
    0x2000016c   COMPRESSED   0x00000010   Data   RW         3069    .data               fsl_gpio.o
    0x2000017c   COMPRESSED   0x00000010   Data   RW         3070    .data               fsl_gpio.o
    0x2000018c   COMPRESSED   0x00000010   Data   RW         3071    .data               fsl_gpio.o
    0x2000019c   COMPRESSED   0x00000010   Data   RW         3072    .data               fsl_gpio.o
    0x200001ac   COMPRESSED   0x00000010   Data   RW         3073    .data               fsl_gpio.o
    0x200001bc   COMPRESSED   0x00000010   Data   RW         3074    .data               fsl_gpio.o
    0x200001cc   COMPRESSED   0x00000010   Data   RW         3076    .data               fsl_gpio.o
    0x200001dc   COMPRESSED   0x00000010   Data   RW         3087    .data               fsl_gpio.o
    0x200001ec   COMPRESSED   0x00000010   Data   RW         3088    .data               fsl_gpio.o
    0x200001fc   COMPRESSED   0x00000010   Data   RW         3089    .data               fsl_gpio.o
    0x2000020c   COMPRESSED   0x00000010   Data   RW         3090    .data               fsl_gpio.o
    0x2000021c   COMPRESSED   0x00000010   Data   RW         3118    .data               fsl_gpio.o
    0x2000022c   COMPRESSED   0x00000010   Data   RW         3119    .data               fsl_gpio.o
    0x2000023c   COMPRESSED   0x00000010   Data   RW         3120    .data               fsl_gpio.o
    0x2000024c   COMPRESSED   0x00000010   Data   RW         3121    .data               fsl_gpio.o
    0x2000025c   COMPRESSED   0x00000010   Data   RW         3122    .data               fsl_gpio.o
    0x2000026c   COMPRESSED   0x00000010   Data   RW         3123    .data               fsl_gpio.o
    0x2000027c   COMPRESSED   0x00000010   Data   RW         3125    .data               fsl_gpio.o
    0x2000028c   COMPRESSED   0x00000010   Data   RW         3126    .data               fsl_gpio.o
    0x2000029c   COMPRESSED   0x00000010   Data   RW         3127    .data               fsl_gpio.o
    0x200002ac   COMPRESSED   0x00000010   Data   RW         3128    .data               fsl_gpio.o
    0x200002bc   COMPRESSED   0x00000010   Data   RW         3463    .data               fsl_i2c.o
    0x200002cc   COMPRESSED   0x0000001c   Data   RW         4431    .data               fsl_uart.o
    0x200002e8   COMPRESSED   0x00000400   Data   RW         5076    .data               oled.o
    0x200006e8   COMPRESSED   0x000001bc   Data   RW         5199    .data               ui.o
    0x200008a4   COMPRESSED   0x00000004   Data   RW         5308    .data               parameter.o
    0x200008a8   COMPRESSED   0x00000004   Data   RW         5310    .data               parameter.o
    0x200008ac   COMPRESSED   0x00000004   Data   RW         5314    .data               parameter.o
    0x200008b0   COMPRESSED   0x00000004   Data   RW         5315    .data               parameter.o
    0x200008b4   COMPRESSED   0x00000004   Data   RW         5316    .data               parameter.o
    0x200008b8   COMPRESSED   0x00000004   Data   RW         5317    .data               parameter.o
    0x200008bc   COMPRESSED   0x00000004   Data   RW         5318    .data               parameter.o
    0x200008c0   COMPRESSED   0x00000004   Data   RW         5320    .data               parameter.o
    0x200008c4   COMPRESSED   0x00000002   Data   RW         5322    .data               parameter.o
    0x200008c6   COMPRESSED   0x00000002   PAD
    0x200008c8   COMPRESSED   0x00000004   Data   RW         5323    .data               parameter.o
    0x200008cc   COMPRESSED   0x00000004   Data   RW         5324    .data               parameter.o
    0x200008d0   COMPRESSED   0x00000002   Data   RW         5325    .data               parameter.o
    0x200008d2   COMPRESSED   0x00000002   Data   RW         5326    .data               parameter.o
    0x200008d4   COMPRESSED   0x00000002   Data   RW         5327    .data               parameter.o
    0x200008d6   COMPRESSED   0x0000000c   Data   RW         5331    .data               parameter.o
    0x200008e2   COMPRESSED   0x0000000c   Data   RW         5332    .data               parameter.o
    0x200008ee   COMPRESSED   0x00000002   Data   RW         5333    .data               parameter.o
    0x200008f0   COMPRESSED   0x00000002   Data   RW         5334    .data               parameter.o
    0x200008f2   COMPRESSED   0x00000002   Data   RW         5336    .data               parameter.o
    0x200008f4   COMPRESSED   0x00000002   Data   RW         5337    .data               parameter.o
    0x200008f6   COMPRESSED   0x00000002   PAD
    0x200008f8   COMPRESSED   0x00000004   Data   RW         5338    .data               parameter.o
    0x200008fc   COMPRESSED   0x00000004   Data   RW         5339    .data               parameter.o
    0x20000900   COMPRESSED   0x00000002   Data   RW         5340    .data               parameter.o
    0x20000902   COMPRESSED   0x00000002   Data   RW         5341    .data               parameter.o
    0x20000904   COMPRESSED   0x00000004   Data   RW         5343    .data               parameter.o
    0x20000908   COMPRESSED   0x00000004   Data   RW         5344    .data               parameter.o
    0x2000090c   COMPRESSED   0x00000004   Data   RW         5345    .data               parameter.o
    0x20000910   COMPRESSED   0x00000004   Data   RW         5349    .data               parameter.o
    0x20000914   COMPRESSED   0x00000004   Data   RW         5350    .data               parameter.o
    0x20000918   COMPRESSED   0x00000002   Data   RW         5351    .data               parameter.o
    0x2000091a   COMPRESSED   0x00000002   Data   RW         5353    .data               parameter.o
    0x2000091c   COMPRESSED   0x00000002   Data   RW         5355    .data               parameter.o
    0x2000091e   COMPRESSED   0x00000002   Data   RW         5356    .data               parameter.o
    0x20000920   COMPRESSED   0x00000002   Data   RW         5357    .data               parameter.o
    0x20000922   COMPRESSED   0x00000002   Data   RW         5358    .data               parameter.o
    0x20000924   COMPRESSED   0x00000002   Data   RW         5359    .data               parameter.o
    0x20000926   COMPRESSED   0x00000002   Data   RW         5361    .data               parameter.o
    0x20000928   COMPRESSED   0x00000002   Data   RW         5362    .data               parameter.o
    0x2000092a   COMPRESSED   0x00000002   Data   RW         5369    .data               parameter.o
    0x2000092c   COMPRESSED   0x00000002   Data   RW         5373    .data               parameter.o
    0x2000092e   COMPRESSED   0x00000002   Data   RW         5374    .data               parameter.o
    0x20000930   COMPRESSED   0x00000002   Data   RW         5375    .data               parameter.o
    0x20000932   COMPRESSED   0x00000002   Data   RW         5376    .data               parameter.o
    0x20000934   COMPRESSED   0x00000002   Data   RW         5377    .data               parameter.o
    0x20000936   COMPRESSED   0x00000002   Data   RW         5378    .data               parameter.o
    0x20000938   COMPRESSED   0x00000002   Data   RW         5379    .data               parameter.o
    0x2000093a   COMPRESSED   0x00000002   Data   RW         5380    .data               parameter.o
    0x2000093c   COMPRESSED   0x00000002   Data   RW         5381    .data               parameter.o
    0x2000093e   COMPRESSED   0x00000002   Data   RW         5382    .data               parameter.o
    0x20000940   COMPRESSED   0x00000004   Data   RW         5385    .data               parameter.o
    0x20000944   COMPRESSED   0x00000004   Data   RW         5386    .data               parameter.o
    0x20000948   COMPRESSED   0x00000004   Data   RW         5387    .data               parameter.o
    0x2000094c   COMPRESSED   0x00000004   Data   RW         5389    .data               parameter.o
    0x20000950   COMPRESSED   0x00000004   Data   RW         5390    .data               parameter.o
    0x20000954   COMPRESSED   0x00000004   Data   RW         5391    .data               parameter.o
    0x20000958   COMPRESSED   0x00000004   Data   RW         5392    .data               parameter.o
    0x2000095c   COMPRESSED   0x00000004   Data   RW         5393    .data               parameter.o
    0x20000960   COMPRESSED   0x00000004   Data   RW         5394    .data               parameter.o
    0x20000964   COMPRESSED   0x00000004   Data   RW         5395    .data               parameter.o
    0x20000968   COMPRESSED   0x00000004   Data   RW         5396    .data               parameter.o
    0x2000096c   COMPRESSED   0x00000004   Data   RW         5397    .data               parameter.o
    0x20000970   COMPRESSED   0x00000004   Data   RW         5398    .data               parameter.o
    0x20000974   COMPRESSED   0x00000004   Data   RW         5399    .data               parameter.o
    0x20000978   COMPRESSED   0x00000004   Data   RW         5400    .data               parameter.o
    0x2000097c   COMPRESSED   0x00000004   Data   RW         5401    .data               parameter.o
    0x20000980   COMPRESSED   0x00000004   Data   RW         5402    .data               parameter.o
    0x20000984   COMPRESSED   0x00000004   Data   RW         5405    .data               parameter.o
    0x20000988   COMPRESSED   0x00000004   Data   RW         5409    .data               parameter.o
    0x2000098c   COMPRESSED   0x00000004   Data   RW         5410    .data               parameter.o
    0x20000990   COMPRESSED   0x00000004   Data   RW         5411    .data               parameter.o
    0x20000994   COMPRESSED   0x00000004   Data   RW         5412    .data               parameter.o
    0x20000998   COMPRESSED   0x0000001c   Data   RW         5414    .data               parameter.o
    0x200009b4   COMPRESSED   0x00000004   Data   RW         5415    .data               parameter.o
    0x200009b8   COMPRESSED   0x00000004   Data   RW         5416    .data               parameter.o
    0x200009bc   COMPRESSED   0x00000004   Data   RW         5417    .data               parameter.o
    0x200009c0   COMPRESSED   0x00000004   Data   RW         5419    .data               parameter.o
    0x200009c4   COMPRESSED   0x00000004   Data   RW         5420    .data               parameter.o
    0x200009c8   COMPRESSED   0x00000004   Data   RW         5421    .data               parameter.o
    0x200009cc   COMPRESSED   0x00000004   Data   RW         5422    .data               parameter.o
    0x200009d0   COMPRESSED   0x00000004   Data   RW         5429    .data               parameter.o
    0x200009d4   COMPRESSED   0x00000004   Data   RW         5430    .data               parameter.o
    0x200009d8   COMPRESSED   0x00000004   Data   RW         5431    .data               parameter.o
    0x200009dc   COMPRESSED   0x00000004   Data   RW         5438    .data               parameter.o
    0x200009e0   COMPRESSED   0x00000004   Data   RW         5443    .data               parameter.o
    0x200009e4   COMPRESSED   0x00000004   Data   RW         5444    .data               parameter.o
    0x200009e8   COMPRESSED   0x00000004   Data   RW         5445    .data               parameter.o
    0x200009ec   COMPRESSED   0x00000004   Data   RW         5447    .data               parameter.o
    0x200009f0   COMPRESSED   0x00000004   Data   RW         5448    .data               parameter.o
    0x200009f4   COMPRESSED   0x00000004   Data   RW         5449    .data               parameter.o
    0x200009f8   COMPRESSED   0x00000004   Data   RW         5450    .data               parameter.o
    0x200009fc   COMPRESSED   0x00000004   Data   RW         5451    .data               parameter.o
    0x20000a00   COMPRESSED   0x00000004   Data   RW         5458    .data               parameter.o
    0x20000a04   COMPRESSED   0x00000004   Data   RW         5459    .data               parameter.o
    0x20000a08   COMPRESSED   0x00000004   Data   RW         5460    .data               parameter.o
    0x20000a0c   COMPRESSED   0x00000004   Data   RW         5462    .data               parameter.o
    0x20000a10   COMPRESSED   0x00000004   Data   RW         5467    .data               parameter.o
    0x20000a14   COMPRESSED   0x00000004   Data   RW         5489    .data               parameter.o
    0x20000a18   COMPRESSED   0x00000004   Data   RW         5501    .data               parameter.o
    0x20000a1c   COMPRESSED   0x00000004   Data   RW         5502    .data               parameter.o
    0x20000a20   COMPRESSED   0x00000004   Data   RW         5503    .data               parameter.o
    0x20000a24   COMPRESSED   0x00000004   Data   RW         5504    .data               parameter.o
    0x20000a28   COMPRESSED   0x00000004   Data   RW         5507    .data               parameter.o
    0x20000a2c   COMPRESSED   0x00000004   Data   RW         5508    .data               parameter.o
    0x20000a30   COMPRESSED   0x00000004   Data   RW         5509    .data               parameter.o
    0x20000a34   COMPRESSED   0x00000004   Data   RW         5511    .data               parameter.o
    0x20000a38   COMPRESSED   0x00000004   Data   RW         5516    .data               parameter.o
    0x20000a3c   COMPRESSED   0x00000020   Data   RW         5712    .data               systemcar.o
    0x20000a5c   COMPRESSED   0x00000044   Data   RW         5865    .data               data_analyse.o
    0x20000aa0   COMPRESSED   0x00000008   Data   RW         5962    .data               fft_arm.o
    0x20000aa8   COMPRESSED   0x00000230   Data   RW         5994    .data               fuzzy_control.o
    0x20000cd8        -       0x0000000c   Zero   RW         1141    .bss                fsl_dspi.o
    0x20000ce4        -       0x00000080   Zero   RW         1539    .bss                fsl_edma.o
    0x20000d64        -       0x0000000c   Zero   RW         2614    .bss                fsl_flexcan.o
    0x20000d70        -       0x00000018   Zero   RW         4429    .bss                fsl_uart.o
    0x20000d88        -       0x00000020   Zero   RW         5294    .bss                parameter.o
    0x20000da8        -       0x0000000c   Zero   RW         5299    .bss                parameter.o
    0x20000db4        -       0x00000024   Zero   RW         5301    .bss                parameter.o
    0x20000dd8        -       0x00000024   Zero   RW         5302    .bss                parameter.o
    0x20000dfc        -       0x00000024   Zero   RW         5303    .bss                parameter.o
    0x20000e20        -       0x00000024   Zero   RW         5304    .bss                parameter.o
    0x20000e44        -       0x00000040   Zero   RW         5305    .bss                parameter.o
    0x20000e84        -       0x000000c4   Zero   RW         5306    .bss                parameter.o
    0x20000f48        -       0x00000180   Zero   RW         5864    .bss                data_analyse.o
    0x200010c8        -       0x00000018   Zero   RW         5961    .bss                fft_arm.o


    Execution Region ARM_LIB_HEAP (Exec base: 0x200010e0, Load base: 0x100180f4, Size: 0x00000400, Max: 0x00000400, ABSOLUTE)

    Exec Addr    Load Addr    Size         Type   Attr      Idx    E Section Name        Object

    0x200010e0        -       0x00000400   Zero   RW            2    ARM_LIB_HEAP.bss    anon$$obj.o


    Execution Region RW_m_data_2 (Exec base: 0x2f000000, Load base: 0x100180f4, Size: 0x00000000, Max: 0x0000f800, ABSOLUTE)

    **** No section assigned to this execution region ****


    Execution Region ARM_LIB_STACK (Exec base: 0x2f00fc00, Load base: 0x100180f4, Size: 0x00000400, Max: 0x00000400, ABSOLUTE)

    Exec Addr    Load Addr    Size         Type   Attr      Idx    E Section Name        Object

    0x2f00fc00        -       0x00000400   Zero   RW            3    ARM_LIB_STACK.bss   anon$$obj.o


==============================================================================

Image component sizes


      Code (inc. data)   RO Data    RW Data    ZI Data      Debug   Object Name

       120         34        100          0          0       9174   clock_config.o
      4244        636          0         68        384      10217   data_analyse.o
        20          8          0          8         24        805   fft_arm.o
       124         14          0         96          0      13722   fsl_adc16.o
      1512        418         96         12          0      27669   fsl_clock.o
         4          0          0          0          0        557   fsl_common.o
       288        174          0          8         12      42155   fsl_dspi.o
      1252        254          0          0        128      19320   fsl_edma.o
        60         24          0         16          0       9279   fsl_enet.o
       312        210          0          4         12      11152   fsl_flexcan.o
      1664        314         32          0          0       8926   fsl_ftm.o
       470        114          0        560          0      20860   fsl_gpio.o
        76         24          0         16          0       5660   fsl_i2c.o
        56         10          0          0          0        577   fsl_lptmr.o
       244        126          8          0          0       2011   fsl_pit.o
       954        206          0         28         24      47824   fsl_uart.o
      1472          8          0        560          0       3462   fuzzy_control.o
        40         10          0          0          0        885   kalman.o
       332         34          0          0          0      67794   main.o
       764         52       2913       1024          0       7533   oled.o
       204         10          0        404        448       9553   parameter.o
        22          0          0          0          0        882   pid.o
       504        242       1040          0          0       3812   startup_mkv58f24.o
       156         14          0          4          0     581518   system_mkv58f24.o
      1252        162          0         32          0      18793   systemcar.o
      1100        122        204        444          0       6329   ui.o
       140         20          0          0          0        670   uwb.o

    ----------------------------------------------------------------------
     17400       3240       4426       3288       3080     931139   Object Totals
         0          0         32          0       2048          0   (incl. Generated)
        14          0          1          4          0          0   (incl. Padding)

    ----------------------------------------------------------------------

      Code (inc. data)   RO Data    RW Data    ZI Data      Debug   Library Member Name

         0          0          0          0          0       3040   arm_cmplx_mag_f32.o
         0          0      40392          0          0       4636   arm_common_tables.o
         0          0        144          0          0       2191   arm_const_structs.o
       212         40      32768          0          0      14732   arm_rfft_init_q15.o
        86          0          0          0          0          0   __dczerorl2.o
         0          0          0          0          0          0   entry.o
         0          0          0          0          0          0   entry10a.o
         0          0          0          0          0          0   entry11a.o
         8          4          0          0          0          0   entry4.o
         4          0          0          0          0          0   entry5.o
         0          0          0          0          0          0   entry7b.o
         0          0          0          0          0          0   entry8b.o
         8          4          0          0          0          0   entry9a.o
        30          0          0          0          0          0   handlers.o
        36          8          0          0          0         68   init.o
         0          0          0          0          0          0   iusefp.o
        30          0          0          0          0         68   llshl.o
        36          0          0          0          0         68   llsshr.o
        32          0          0          0          0         68   llushr.o
        36          0          0          0          0        108   memseta.o
       390         10          0          0          0        252   printf1.o
        44          0          0          0          0         80   uidiv.o
        98          0          0          0          0         92   uldiv.o
        56          0          0          0          0         88   d2f.o
       334          0          0          0          0        148   dadd.o
       222          0          0          0          0        100   ddiv.o
       186          0          0          0          0        176   depilogue.o
        62          0          0          0          0         80   dfixi.o
        34          0          0          0          0         76   dflti.o
        26          0          0          0          0         76   dfltui.o
       228          0          0          0          0         96   dmul.o
        38          0          0          0          0         68   f2d.o
       110          0          0          0          0        168   fepilogue.o

    ----------------------------------------------------------------------
      2352         66      73306          0          0      26479   Library Totals
         6          0          2          0          0          0   (incl. Padding)

    ----------------------------------------------------------------------

      Code (inc. data)   RO Data    RW Data    ZI Data      Debug   Library Name

       212         40      73304          0          0      24599   arm_cortexM7lfsp_math.lib
       838         26          0          0          0        804   mc_w.l
      1296          0          0          0          0       1076   mf_w.l

    ----------------------------------------------------------------------
      2352         66      73306          0          0      26479   Library Totals

    ----------------------------------------------------------------------

==============================================================================


      Code (inc. data)   RO Data    RW Data    ZI Data      Debug   

     19752       3306      77732       3288       3080     941618   Grand Totals
     19752       3306      77732       1064       3080     941618   ELF Image Totals (compressed)
     19752       3306      77732       1064          0          0   ROM Totals

==============================================================================

    Total RO  Size (Code + RO Data)                97484 (  95.20kB)
    Total RW  Size (RW Data + ZI Data)              6368 (   6.22kB)
    Total ROM Size (Code + RO Data + RW Data)      98548 (  96.24kB)

==============================================================================

