<html>
<body>
<pre>
<h1>礦ision Build Log</h1>
<h2>Tool Versions:</h2>
IDE-Version: μVision V5.24.2.0
Copyright (C) 2017 ARM Ltd and ARM Germany GmbH. All rights reserved.
License Information: 12 zb, 2, LIC=VGX63-ABX87-XUD41-CJ6I1-PV1YF-4Q1IG
 
Tool Versions:
Toolchain:       MDK-ARM Plus  Version: 5.24.1
Toolchain Path:  C:\Keil_v5\ARM\ARMCC\Bin
C Compiler:      Armcc.exe V5.06 update 5 (build 528)
Assembler:       Armasm.exe V5.06 update 5 (build 528)
Linker/Locator:  ArmLink.exe V5.06 update 5 (build 528)
Library Manager: ArmAr.exe V5.06 update 5 (build 528)
Hex Converter:   FromElf.exe V5.06 update 5 (build 528)
CPU DLL:         SARMCM3.DLL V5.24.1
Dialog DLL:      DCM.DLL V1.16.0.0
Target DLL:      UL2CM3.DLL V1.160.3.0
Dialog DLL:      TCM.DLL V1.32.0.0
 
<h2>Project:</h2>
C:\Users\zb\Desktop\kv58代码\KV58_Demo -2.5(新板子) - 副本\PRJ\KV58_Demo.uvprojx
Project File Date:  05/03/2018

<h2>Output:</h2>
*** Using Compiler 'V5.06 update 5 (build 528)', folder: 'C:\Keil_v5\ARM\ARMCC\Bin'
Build target 'Template'
compiling parameter.c...
..\SRC\STARTUP\Device\system_MKV58F24.h(139): warning:  #1-D: last line of file ends without a newline
  #endif  /* _SYSTEM_MKV58F24_H_ */
..\SRC\FWLIB\include\fsl_uart.h(804): warning:  #1-D: last line of file ends without a newline
  #endif /* _FSL_UART_H_ */
..\SRC\FWLIB\include\fsl_adc16.h(585): warning:  #1-D: last line of file ends without a newline
  #endif /* _FSL_ADC16_H_ */
..\SRC\HARDWARE\source\parameter.c: 3 warnings, 0 errors
linking...
Program Size: Code=19752 RO-data=77732 RW-data=3288 ZI-data=3080  
"..\OBJ\KV58_Demo.axf" - 0 Error(s), 3 Warning(s).

<h2>Software Packages used:</h2>

Package Vendor: Keil
                http://www.keil.com/pack/Keil.Kinetis_KVxx_DFP.1.6.0.pack
                Keil.Kinetis_KVxx_DFP.1.6.0
                Freescale Kinetis KVxx Series Device Support

<h2>Collection of Component include folders:</h2>
  .\RTE\_Template
  C:\Keil_v5\ARM\PACK\Keil\Kinetis_KVxx_DFP\1.6.0\Device\Include

<h2>Collection of Component Files used:</h2>
Build Time Elapsed:  00:00:03
</pre>
</body>
</html>
